Component: ARM Compiler 5.06 update 7 (build 960) Tool: armlink [4d3601]

==============================================================================

Section Cross References

    startup_stm32f407xx.o(RESET) refers to startup_stm32f407xx.o(STACK) for __initial_sp
    startup_stm32f407xx.o(RESET) refers to startup_stm32f407xx.o(.text) for Reset_Handler
    startup_stm32f407xx.o(RESET) refers to stm32f4xx_it.o(i.NMI_Handler) for NMI_Handler
    startup_stm32f407xx.o(RESET) refers to stm32f4xx_it.o(i.HardFault_Handler) for HardFault_Handler
    startup_stm32f407xx.o(RESET) refers to stm32f4xx_it.o(i.MemManage_Handler) for MemManage_Handler
    startup_stm32f407xx.o(RESET) refers to stm32f4xx_it.o(i.BusFault_Handler) for BusFault_Handler
    startup_stm32f407xx.o(RESET) refers to stm32f4xx_it.o(i.UsageFault_Handler) for UsageFault_Handler
    startup_stm32f407xx.o(RESET) refers to port.o(.emb_text) for SVC_Handler
    startup_stm32f407xx.o(RESET) refers to stm32f4xx_it.o(i.DebugMon_Handler) for DebugMon_Handler
    startup_stm32f407xx.o(RESET) refers to stm32f4xx_it.o(i.SysTick_Handler) for SysTick_Handler
    startup_stm32f407xx.o(RESET) refers to stm32f4xx_it.o(i.DMA1_Stream5_IRQHandler) for DMA1_Stream5_IRQHandler
    startup_stm32f407xx.o(RESET) refers to stm32f4xx_it.o(i.DMA1_Stream6_IRQHandler) for DMA1_Stream6_IRQHandler
    startup_stm32f407xx.o(RESET) refers to stm32f4xx_it.o(i.TIM2_IRQHandler) for TIM2_IRQHandler
    startup_stm32f407xx.o(RESET) refers to stm32f4xx_it.o(i.USART2_IRQHandler) for USART2_IRQHandler
    startup_stm32f407xx.o(.text) refers to system_stm32f4xx.o(i.SystemInit) for SystemInit
    startup_stm32f407xx.o(.text) refers to entry.o(.ARM.Collect$$$$00000000) for __main
    lcd.o(i.HAL_SRAM_MspInit) refers to stm32f4xx_hal_gpio.o(i.HAL_GPIO_Init) for HAL_GPIO_Init
    lcd.o(i.lcd_clear) refers to lcd.o(i.lcd_set_cursor) for lcd_set_cursor
    lcd.o(i.lcd_clear) refers to lcd.o(i.lcd_write_ram_prepare) for lcd_write_ram_prepare
    lcd.o(i.lcd_clear) refers to lcd.o(.bss) for .bss
    lcd.o(i.lcd_color_fill) refers to lcd.o(i.lcd_set_cursor) for lcd_set_cursor
    lcd.o(i.lcd_color_fill) refers to lcd.o(i.lcd_write_ram_prepare) for lcd_write_ram_prepare
    lcd.o(i.lcd_display_dir) refers to lcd.o(i.lcd_scan_dir) for lcd_scan_dir
    lcd.o(i.lcd_display_dir) refers to lcd.o(.bss) for .bss
    lcd.o(i.lcd_display_off) refers to lcd.o(i.lcd_wr_regno) for lcd_wr_regno
    lcd.o(i.lcd_display_off) refers to lcd.o(.bss) for .bss
    lcd.o(i.lcd_display_on) refers to lcd.o(i.lcd_wr_regno) for lcd_wr_regno
    lcd.o(i.lcd_display_on) refers to lcd.o(.bss) for .bss
    lcd.o(i.lcd_draw_circle) refers to lcd.o(i.lcd_draw_point) for lcd_draw_point
    lcd.o(i.lcd_draw_hline) refers to lcd.o(i.lcd_fill) for lcd_fill
    lcd.o(i.lcd_draw_hline) refers to lcd.o(.bss) for .bss
    lcd.o(i.lcd_draw_line) refers to lcd.o(i.lcd_draw_point) for lcd_draw_point
    lcd.o(i.lcd_draw_point) refers to lcd.o(i.lcd_set_cursor) for lcd_set_cursor
    lcd.o(i.lcd_draw_point) refers to lcd.o(i.lcd_write_ram_prepare) for lcd_write_ram_prepare
    lcd.o(i.lcd_draw_rectangle) refers to lcd.o(i.lcd_draw_line) for lcd_draw_line
    lcd.o(i.lcd_ex_ili9341_reginit) refers to lcd.o(i.lcd_wr_regno) for lcd_wr_regno
    lcd.o(i.lcd_ex_ili9341_reginit) refers to lcd.o(i.lcd_wr_data) for lcd_wr_data
    lcd.o(i.lcd_ex_ili9341_reginit) refers to delay.o(i.delay_ms) for delay_ms
    lcd.o(i.lcd_ex_ili9806_reginit) refers to lcd.o(i.lcd_wr_regno) for lcd_wr_regno
    lcd.o(i.lcd_ex_ili9806_reginit) refers to lcd.o(i.lcd_wr_data) for lcd_wr_data
    lcd.o(i.lcd_ex_ili9806_reginit) refers to delay.o(i.delay_ms) for delay_ms
    lcd.o(i.lcd_ex_nt35310_reginit) refers to lcd.o(i.lcd_wr_regno) for lcd_wr_regno
    lcd.o(i.lcd_ex_nt35310_reginit) refers to lcd.o(i.lcd_wr_data) for lcd_wr_data
    lcd.o(i.lcd_ex_nt35310_reginit) refers to delay.o(i.delay_ms) for delay_ms
    lcd.o(i.lcd_ex_nt35510_reginit) refers to lcd.o(i.lcd_write_reg) for lcd_write_reg
    lcd.o(i.lcd_ex_nt35510_reginit) refers to lcd.o(i.lcd_wr_regno) for lcd_wr_regno
    lcd.o(i.lcd_ex_nt35510_reginit) refers to delay.o(i.delay_ms) for delay_ms
    lcd.o(i.lcd_ex_ssd1963_reginit) refers to lcd.o(i.lcd_wr_regno) for lcd_wr_regno
    lcd.o(i.lcd_ex_ssd1963_reginit) refers to lcd.o(i.lcd_wr_data) for lcd_wr_data
    lcd.o(i.lcd_ex_ssd1963_reginit) refers to delay.o(i.delay_us) for delay_us
    lcd.o(i.lcd_ex_ssd1963_reginit) refers to delay.o(i.delay_ms) for delay_ms
    lcd.o(i.lcd_ex_st7789_reginit) refers to lcd.o(i.lcd_wr_regno) for lcd_wr_regno
    lcd.o(i.lcd_ex_st7789_reginit) refers to delay.o(i.delay_ms) for delay_ms
    lcd.o(i.lcd_ex_st7789_reginit) refers to lcd.o(i.lcd_wr_data) for lcd_wr_data
    lcd.o(i.lcd_ex_st7796_reginit) refers to lcd.o(i.lcd_wr_regno) for lcd_wr_regno
    lcd.o(i.lcd_ex_st7796_reginit) refers to delay.o(i.delay_ms) for delay_ms
    lcd.o(i.lcd_ex_st7796_reginit) refers to lcd.o(i.lcd_wr_data) for lcd_wr_data
[...]
    _main_cpp_init                           0x08000191   Thumb Code     0  entry8b.o(.ARM.Collect$$$$0000000A)
    _main_init                               0x08000191   Thumb Code     0  entry9a.o(.ARM.Collect$$$$0000000B)
    __rt_lib_shutdown_fini                   0x08000199   Thumb Code     0  entry12b.o(.ARM.Collect$$$$0000000E)
    __rt_final_cpp                           0x0800019d   Thumb Code     0  entry10a.o(.ARM.Collect$$$$0000000F)
    __rt_final_exit                          0x0800019d   Thumb Code     0  entry11a.o(.ARM.Collect$$$$00000011)
    SVC_Handler                              0x080001a1   Thumb Code    28  port.o(.emb_text)
    __asm___6_port_c_39a90d8d__prvStartFirstTask 0x080001c1   Thumb Code    36  port.o(.emb_text)
    __asm___6_port_c_39a90d8d__prvEnableVFP  0x080001e9   Thumb Code    16  port.o(.emb_text)
    PendSV_Handler                           0x080001fd   Thumb Code    88  port.o(.emb_text)
    vPortGetIPSR                             0x08000259   Thumb Code     6  port.o(.emb_text)
    Reset_Handler                            0x08000261   Thumb Code     8  startup_stm32f407xx.o(.text)
    ADC_IRQHandler                           0x0800027b   Thumb Code     0  startup_stm32f407xx.o(.text)
    CAN1_RX0_IRQHandler                      0x0800027b   Thumb Code     0  startup_stm32f407xx.o(.text)
    CAN1_RX1_IRQHandler                      0x0800027b   Thumb Code     0  startup_stm32f407xx.o(.text)
    CAN1_SCE_IRQHandler                      0x0800027b   Thumb Code     0  startup_stm32f407xx.o(.text)
    CAN1_TX_IRQHandler                       0x0800027b   Thumb Code     0  startup_stm32f407xx.o(.text)
    CAN2_RX0_IRQHandler                      0x0800027b   Thumb Code     0  startup_stm32f407xx.o(.text)
    CAN2_RX1_IRQHandler                      0x0800027b   Thumb Code     0  startup_stm32f407xx.o(.text)
    CAN2_SCE_IRQHandler                      0x0800027b   Thumb Code     0  startup_stm32f407xx.o(.text)
    CAN2_TX_IRQHandler                       0x0800027b   Thumb Code     0  startup_stm32f407xx.o(.text)
    DCMI_IRQHandler                          0x0800027b   Thumb Code     0  startup_stm32f407xx.o(.text)
    DMA1_Stream0_IRQHandler                  0x0800027b   Thumb Code     0  startup_stm32f407xx.o(.text)
    DMA1_Stream1_IRQHandler                  0x0800027b   Thumb Code     0  startup_stm32f407xx.o(.text)
    DMA1_Stream2_IRQHandler                  0x0800027b   Thumb Code     0  startup_stm32f407xx.o(.text)
    DMA1_Stream3_IRQHandler                  0x0800027b   Thumb Code     0  startup_stm32f407xx.o(.text)
    DMA1_Stream4_IRQHandler                  0x0800027b   Thumb Code     0  startup_stm32f407xx.o(.text)
    DMA1_Stream7_IRQHandler                  0x0800027b   Thumb Code     0  startup_stm32f407xx.o(.text)
    DMA2_Stream0_IRQHandler                  0x0800027b   Thumb Code     0  startup_stm32f407xx.o(.text)
    DMA2_Stream1_IRQHandler                  0x0800027b   Thumb Code     0  startup_stm32f407xx.o(.text)
    DMA2_Stream2_IRQHandler                  0x0800027b   Thumb Code     0  startup_stm32f407xx.o(.text)
    DMA2_Stream3_IRQHandler                  0x0800027b   Thumb Code     0  startup_stm32f407xx.o(.text)
    DMA2_Stream4_IRQHandler                  0x0800027b   Thumb Code     0  startup_stm32f407xx.o(.text)
    DMA2_Stream5_IRQHandler                  0x0800027b   Thumb Code     0  startup_stm32f407xx.o(.text)
    DMA2_Stream6_IRQHandler                  0x0800027b   Thumb Code     0  startup_stm32f407xx.o(.text)
    DMA2_Stream7_IRQHandler                  0x0800027b   Thumb Code     0  startup_stm32f407xx.o(.text)
    ETH_IRQHandler                           0x0800027b   Thumb Code     0  startup_stm32f407xx.o(.text)
    ETH_WKUP_IRQHandler                      0x0800027b   Thumb Code     0  startup_stm32f407xx.o(.text)
    EXTI0_IRQHandler                         0x0800027b   Thumb Code     0  startup_stm32f407xx.o(.text)
    EXTI15_10_IRQHandler                     0x0800027b   Thumb Code     0  startup_stm32f407xx.o(.text)
    EXTI1_IRQHandler                         0x0800027b   Thumb Code     0  startup_stm32f407xx.o(.text)
    EXTI2_IRQHandler                         0x0800027b   Thumb Code     0  startup_stm32f407xx.o(.text)
    EXTI3_IRQHandler                         0x0800027b   Thumb Code     0  startup_stm32f407xx.o(.text)
    EXTI4_IRQHandler                         0x0800027b   Thumb Code     0  startup_stm32f407xx.o(.text)
    EXTI9_5_IRQHandler                       0x0800027b   Thumb Code     0  startup_stm32f407xx.o(.text)
    FLASH_IRQHandler                         0x0800027b   Thumb Code     0  startup_stm32f407xx.o(.text)
    FMC_IRQHandler                           0x0800027b   Thumb Code     0  startup_stm32f407xx.o(.text)
    FPU_IRQHandler                           0x0800027b   Thumb Code     0  startup_stm32f407xx.o(.text)
    HASH_RNG_IRQHandler                      0x0800027b   Thumb Code     0  startup_stm32f407xx.o(.text)
    I2C1_ER_IRQHandler                       0x0800027b   Thumb Code     0  startup_stm32f407xx.o(.text)
    I2C1_EV_IRQHandler                       0x0800027b   Thumb Code     0  startup_stm32f407xx.o(.text)
    I2C2_ER_IRQHandler                       0x0800027b   Thumb Code     0  startup_stm32f407xx.o(.text)
    I2C2_EV_IRQHandler                       0x0800027b   Thumb Code     0  startup_stm32f407xx.o(.text)
    I2C3_ER_IRQHandler                       0x0800027b   Thumb Code     0  startup_stm32f407xx.o(.text)
    I2C3_EV_IRQHandler                       0x0800027b   Thumb Code     0  startup_stm32f407xx.o(.text)
    OTG_FS_IRQHandler                        0x0800027b   Thumb Code     0  startup_stm32f407xx.o(.text)
    OTG_FS_WKUP_IRQHandler                   0x0800027b   Thumb Code     0  startup_stm32f407xx.o(.text)
    OTG_HS_EP1_IN_IRQHandler                 0x0800027b   Thumb Code     0  startup_stm32f407xx.o(.text)
    OTG_HS_EP1_OUT_IRQHandler                0x0800027b   Thumb Code     0  startup_stm32f407xx.o(.text)
    OTG_HS_IRQHandler                        0x0800027b   Thumb Code     0  startup_stm32f407xx.o(.text)
    OTG_HS_WKUP_IRQHandler                   0x0800027b   Thumb Code     0  startup_stm32f407xx.o(.text)
    PVD_IRQHandler                           0x0800027b   Thumb Code     0  startup_stm32f407xx.o(.text)
    RCC_IRQHandler                           0x0800027b   Thumb Code     0  startup_stm32f407xx.o(.text)
    RTC_Alarm_IRQHandler                     0x0800027b   Thumb Code     0  startup_stm32f407xx.o(.text)
    RTC_WKUP_IRQHandler                      0x0800027b   Thumb Code     0  startup_stm32f407xx.o(.text)
    SDIO_IRQHandler                          0x0800027b   Thumb Code     0  startup_stm32f407xx.o(.text)
    SPI1_IRQHandler                          0x0800027b   Thumb Code     0  startup_stm32f407xx.o(.text)
    SPI2_IRQHandler                          0x0800027b   Thumb Code     0  startup_stm32f407xx.o(.text)
    SPI3_IRQHandler                          0x0800027b   Thumb Code     0  startup_stm32f407xx.o(.text)
    TAMP_STAMP_IRQHandler                    0x0800027b   Thumb Code     0  startup_stm32f407xx.o(.text)
    TIM1_BRK_TIM9_IRQHandler                 0x0800027b   Thumb Code     0  startup_stm32f407xx.o(.text)
    TIM1_CC_IRQHandler                       0x0800027b   Thumb Code     0  startup_stm32f407xx.o(.text)
    TIM1_TRG_COM_TIM11_IRQHandler            0x0800027b   Thumb Code     0  startup_stm32f407xx.o(.text)
    TIM1_UP_TIM10_IRQHandler                 0x0800027b   Thumb Code     0  startup_stm32f407xx.o(.text)
    TIM3_IRQHandler                          0x0800027b   Thumb Code     0  startup_stm32f407xx.o(.text)
    TIM4_IRQHandler                          0x0800027b   Thumb Code     0  startup_stm32f407xx.o(.text)
    TIM5_IRQHandler                          0x0800027b   Thumb Code     0  startup_stm32f407xx.o(.text)
    TIM6_DAC_IRQHandler                      0x0800027b   Thumb Code     0  startup_stm32f407xx.o(.text)
    TIM7_IRQHandler                          0x0800027b   Thumb Code     0  startup_stm32f407xx.o(.text)
    TIM8_BRK_TIM12_IRQHandler                0x0800027b   Thumb Code     0  startup_stm32f407xx.o(.text)
    TIM8_CC_IRQHandler                       0x0800027b   Thumb Code     0  startup_stm32f407xx.o(.text)
    TIM8_TRG_COM_TIM14_IRQHandler            0x0800027b   Thumb Code     0  startup_stm32f407xx.o(.text)
    TIM8_UP_TIM13_IRQHandler                 0x0800027b   Thumb Code     0  startup_stm32f407xx.o(.text)
    UART4_IRQHandler                         0x0800027b   Thumb Code     0  startup_stm32f407xx.o(.text)
    UART5_IRQHandler                         0x0800027b   Thumb Code     0  startup_stm32f407xx.o(.text)
    USART1_IRQHandler                        0x0800027b   Thumb Code     0  startup_stm32f407xx.o(.text)
    USART3_IRQHandler                        0x0800027b   Thumb Code     0  startup_stm32f407xx.o(.text)
    USART6_IRQHandler                        0x0800027b   Thumb Code     0  startup_stm32f407xx.o(.text)
    WWDG_IRQHandler                          0x0800027b   Thumb Code     0  startup_stm32f407xx.o(.text)
    __aeabi_uldivmod                         0x08000285   Thumb Code    98  uldiv.o(.text)
    __aeabi_memcpy                           0x080002e7   Thumb Code    36  memcpya.o(.text)
    __aeabi_memcpy4                          0x080002e7   Thumb Code     0  memcpya.o(.text)
    __aeabi_memcpy8                          0x080002e7   Thumb Code     0  memcpya.o(.text)
    __aeabi_memset                           0x0800030b   Thumb Code    14  memseta.o(.text)
    __aeabi_memset4                          0x0800030b   Thumb Code     0  memseta.o(.text)
    __aeabi_memset8                          0x0800030b   Thumb Code     0  memseta.o(.text)
    __aeabi_memclr                           0x08000319   Thumb Code     4  memseta.o(.text)
    __aeabi_memclr4                          0x08000319   Thumb Code     0  memseta.o(.text)
    __aeabi_memclr8                          0x08000319   Thumb Code     0  memseta.o(.text)
    memset                                   0x0800031d   Thumb Code    18  memseta.o(.text)
    strlen                                   0x0800032f   Thumb Code    14  strlen.o(.text)
    __aeabi_dmul                             0x0800033d   Thumb Code   228  dmul.o(.text)
    __aeabi_ui2d                             0x08000421   Thumb Code    26  dfltui.o(.text)
    __aeabi_d2uiz                            0x0800043b   Thumb Code    50  dfixui.o(.text)
    __aeabi_f2d                              0x0800046d   Thumb Code    38  f2d.o(.text)
    __aeabi_uidiv                            0x08000493   Thumb Code     0  uidiv.o(.text)
    __aeabi_uidivmod                         0x08000493   Thumb Code    44  uidiv.o(.text)
    __aeabi_llsl                             0x080004bf   Thumb Code    30  llshl.o(.text)
    _ll_shift_l                              0x080004bf   Thumb Code     0  llshl.o(.text)
    __aeabi_llsr                             0x080004dd   Thumb Code    32  llushr.o(.text)
    _ll_ushift_r                             0x080004dd   Thumb Code     0  llushr.o(.text)
    __I$use$fp                               0x080004fd   Thumb Code     0  iusefp.o(.text)
    _double_round                            0x080004fd   Thumb Code    30  depilogue.o(.text)
    _double_epilogue                         0x0800051b   Thumb Code   156  depilogue.o(.text)
    __aeabi_dadd                             0x080005b7   Thumb Code   322  dadd.o(.text)
    __aeabi_dsub                             0x080006f9   Thumb Code     6  dadd.o(.text)
    __aeabi_drsub                            0x080006ff   Thumb Code     6  dadd.o(.text)
    __aeabi_ddiv                             0x08000705   Thumb Code   222  ddiv.o(.text)
    __aeabi_d2ulz                            0x080007e3   Thumb Code    48  dfixul.o(.text)
    __aeabi_cdrcmple                         0x08000815   Thumb Code    48  cdrcmple.o(.text)
    __scatterload                            0x08000845   Thumb Code    28  init.o(.text)
    __scatterload_rt2                        0x08000845   Thumb Code     0  init.o(.text)
    __aeabi_lasr                             0x08000869   Thumb Code    36  llsshr.o(.text)
    _ll_sshift_r                             0x08000869   Thumb Code     0  llsshr.o(.text)
    Alarm_GetContinuousCount                 0x0800090d   Thumb Code     6  alarm.o(i.Alarm_GetContinuousCount)
    Alarm_GetNormalCount                     0x08000919   Thumb Code     6  alarm.o(i.Alarm_GetNormalCount)
    Alarm_GetState                           0x0800096d   Thumb Code     6  alarm.o(i.Alarm_GetState)
    Alarm_GetType                            0x08000979   Thumb Code     6  alarm.o(i.Alarm_GetType)
    Alarm_IsTriggered                        0x08000985   Thumb Code     6  alarm.o(i.Alarm_IsTriggered)
    Alarm_Update                             0x08000a15   Thumb Code   166  alarm.o(i.Alarm_Update)
    BSP_SD_GetCardInfo                       0x08000ac1   Thumb Code     8  bsp_driver_sd.o(i.BSP_SD_GetCardInfo)
    BSP_SD_GetCardState                      0x08000acd   Thumb Code    20  bsp_driver_sd.o(i.BSP_SD_GetCardState)
    BSP_SD_Init                              0x08000ae5   Thumb Code    42  bsp_driver_sd.o(i.BSP_SD_Init)
    BSP_SD_IsDetected                        0x08000b15   Thumb Code    14  bsp_driver_sd.o(i.BSP_SD_IsDetected)
    BSP_SD_ReadBlocks_DMA                    0x08000b25   Thumb Code    24  bsp_driver_sd.o(i.BSP_SD_ReadBlocks_DMA)
    BSP_SD_ReadCpltCallback                  0x08000b41   Thumb Code    12  sd_diskio.o(i.BSP_SD_ReadCpltCallback)
    BSP_SD_WriteBlocks_DMA                   0x08000b51   Thumb Code    24  bsp_driver_sd.o(i.BSP_SD_WriteBlocks_DMA)
    BusFault_Handler                         0x08000b6d   Thumb Code     2  stm32f4xx_it.o(i.BusFault_Handler)
    DHT11_Init                               0x08000b71   Thumb Code    72  dht11.o(i.DHT11_Init)
    DHT11_Read                               0x08000bc1   Thumb Code    38  dht11.o(i.DHT11_Read)
    DMA1_Stream5_IRQHandler                  0x08000ddd   Thumb Code     6  stm32f4xx_it.o(i.DMA1_Stream5_IRQHandler)
    DMA1_Stream6_IRQHandler                  0x08000de9   Thumb Code     6  stm32f4xx_it.o(i.DMA1_Stream6_IRQHandler)
    DebugMon_Handler                         0x08000e99   Thumb Code     2  stm32f4xx_it.o(i.DebugMon_Handler)
    Error_Handler                            0x08000e9b   Thumb Code     4  main.o(i.Error_Handler)
    FATFS_LinkDriver                         0x08000e9f   Thumb Code     6  ff_gen_drv.o(i.FATFS_LinkDriver)
    FATFS_LinkDriverEx                       0x08000ea5   Thumb Code    58  ff_gen_drv.o(i.FATFS_LinkDriverEx)
    FSMC_NORSRAM_Extended_Timing_Init        0x08000ee5   Thumb Code    56  stm32f4xx_ll_fsmc.o(i.FSMC_NORSRAM_Extended_Timing_Init)
    FSMC_NORSRAM_Init                        0x08000f21   Thumb Code    98  stm32f4xx_ll_fsmc.o(i.FSMC_NORSRAM_Init)
    FSMC_NORSRAM_Timing_Init                 0x08000f89   Thumb Code    56  stm32f4xx_ll_fsmc.o(i.FSMC_NORSRAM_Timing_Init)
    Flash_Read_TempThreshold                 0x08000fc5   Thumb Code    32  flash.o(i.Flash_Read_TempThreshold)
    HAL_DMA_Abort                            0x08000fed   Thumb Code   146  stm32f4xx_hal_dma.o(i.HAL_DMA_Abort)
    HAL_DMA_Abort_IT                         0x0800107f   Thumb Code    36  stm32f4xx_hal_dma.o(i.HAL_DMA_Abort_IT)
    HAL_DMA_GetError                         0x080010a3   Thumb Code     4  stm32f4xx_hal_dma.o(i.HAL_DMA_GetError)
    HAL_DMA_IRQHandler                       0x080010a9   Thumb Code   412  stm32f4xx_hal_dma.o(i.HAL_DMA_IRQHandler)
    HAL_DMA_Init                             0x08001249   Thumb Code   206  stm32f4xx_hal_dma.o(i.HAL_DMA_Init)
    HAL_DMA_Start_IT                         0x0800131d   Thumb Code   110  stm32f4xx_hal_dma.o(i.HAL_DMA_Start_IT)
    HAL_Delay                                0x0800138b   Thumb Code     6  delay.o(i.HAL_Delay)
    HAL_GPIO_Init                            0x08001391   Thumb Code   450  stm32f4xx_hal_gpio.o(i.HAL_GPIO_Init)
    HAL_GPIO_ReadPin                         0x08001581   Thumb Code    10  stm32f4xx_hal_gpio.o(i.HAL_GPIO_ReadPin)
    HAL_GPIO_WritePin                        0x0800158b   Thumb Code    10  stm32f4xx_hal_gpio.o(i.HAL_GPIO_WritePin)
    HAL_GetTick                              0x08001595   Thumb Code     6  stm32f4xx_hal.o(i.HAL_GetTick)
    HAL_IncTick                              0x080015a1   Thumb Code    12  stm32f4xx_hal.o(i.HAL_IncTick)
    HAL_Init                                 0x080015b1   Thumb Code    48  stm32f4xx_hal.o(i.HAL_Init)
    HAL_InitTick                             0x080015e5   Thumb Code    54  stm32f4xx_hal.o(i.HAL_InitTick)
    HAL_MspInit                              0x08001625   Thumb Code    52  stm32f4xx_hal_msp.o(i.HAL_MspInit)
    HAL_NVIC_EnableIRQ                       0x0800165d   Thumb Code    26  stm32f4xx_hal_cortex.o(i.HAL_NVIC_EnableIRQ)
    HAL_NVIC_SetPriority                     0x08001679   Thumb Code    60  stm32f4xx_hal_cortex.o(i.HAL_NVIC_SetPriority)
    HAL_NVIC_SetPriorityGrouping             0x080016b9   Thumb Code    26  stm32f4xx_hal_cortex.o(i.HAL_NVIC_SetPriorityGrouping)
    HAL_RCC_ClockConfig                      0x080016dd   Thumb Code   288  stm32f4xx_hal_rcc.o(i.HAL_RCC_ClockConfig)
    HAL_RCC_GetPCLK1Freq                     0x08001811   Thumb Code    20  stm32f4xx_hal_rcc.o(i.HAL_RCC_GetPCLK1Freq)
    HAL_RCC_GetPCLK2Freq                     0x08001831   Thumb Code    20  stm32f4xx_hal_rcc.o(i.HAL_RCC_GetPCLK2Freq)
    HAL_RCC_GetSysClockFreq                  0x08001851   Thumb Code    88  stm32f4xx_hal_rcc.o(i.HAL_RCC_GetSysClockFreq)
    HAL_RCC_OscConfig                        0x080018b1   Thumb Code   856  stm32f4xx_hal_rcc.o(i.HAL_RCC_OscConfig)
    HAL_SD_ConfigWideBusOperation            0x08001c1d   Thumb Code   276  stm32f4xx_hal_sd.o(i.HAL_SD_ConfigWideBusOperation)
    HAL_SD_ErrorCallback                     0x08001d35   Thumb Code     2  stm32f4xx_hal_sd.o(i.HAL_SD_ErrorCallback)
    HAL_SD_GetCardCSD                        0x08001d39   Thumb Code   402  stm32f4xx_hal_sd.o(i.HAL_SD_GetCardCSD)
    HAL_SD_GetCardInfo                       0x08001ed1   Thumb Code    36  stm32f4xx_hal_sd.o(i.HAL_SD_GetCardInfo)
    HAL_SD_GetCardState                      0x08001ef5   Thumb Code    44  stm32f4xx_hal_sd.o(i.HAL_SD_GetCardState)
    HAL_SD_Init                              0x08001f21   Thumb Code    54  stm32f4xx_hal_sd.o(i.HAL_SD_Init)
    HAL_SD_InitCard                          0x08001f59   Thumb Code   112  stm32f4xx_hal_sd.o(i.HAL_SD_InitCard)
    HAL_SD_MspInit                           0x08001fd1   Thumb Code   130  sdio.o(i.HAL_SD_MspInit)
    HAL_SD_ReadBlocks_DMA                    0x08002065   Thumb Code   276  stm32f4xx_hal_sd.o(i.HAL_SD_ReadBlocks_DMA)
    HAL_SD_RxCpltCallback                    0x08002189   Thumb Code     8  bsp_driver_sd.o(i.HAL_SD_RxCpltCallback)
    HAL_SD_WriteBlocks_DMA                   0x08002191   Thumb Code   270  stm32f4xx_hal_sd.o(i.HAL_SD_WriteBlocks_DMA)
    HAL_SRAM_Init                            0x080022b1   Thumb Code    92  stm32f4xx_hal_sram.o(i.HAL_SRAM_Init)
    HAL_SRAM_MspInit                         0x0800230d   Thumb Code   104  lcd.o(i.HAL_SRAM_MspInit)
    HAL_SYSTICK_Config                       0x08002381   Thumb Code    40  stm32f4xx_hal_cortex.o(i.HAL_SYSTICK_Config)
    HAL_TIMEx_BreakCallback                  0x080023a9   Thumb Code     2  stm32f4xx_hal_tim_ex.o(i.HAL_TIMEx_BreakCallback)
    HAL_TIMEx_CommutCallback                 0x080023ab   Thumb Code     2  stm32f4xx_hal_tim_ex.o(i.HAL_TIMEx_CommutCallback)
    HAL_TIMEx_MasterConfigSynchronization    0x080023ad   Thumb Code   116  stm32f4xx_hal_tim_ex.o(i.HAL_TIMEx_MasterConfigSynchronization)
    HAL_TIM_Base_Init                        0x0800243d   Thumb Code    90  stm32f4xx_hal_tim.o(i.HAL_TIM_Base_Init)
    HAL_TIM_Base_MspInit                     0x08002499   Thumb Code    72  tim.o(i.HAL_TIM_Base_MspInit)
    HAL_TIM_Base_Start                       0x080024e9   Thumb Code    90  stm32f4xx_hal_tim.o(i.HAL_TIM_Base_Start)
    HAL_TIM_Base_Stop                        0x08002561   Thumb Code    38  stm32f4xx_hal_tim.o(i.HAL_TIM_Base_Stop)
    HAL_TIM_ConfigClockSource                0x08002587   Thumb Code   220  stm32f4xx_hal_tim.o(i.HAL_TIM_ConfigClockSource)
    HAL_TIM_IC_CaptureCallback               0x08002663   Thumb Code     2  stm32f4xx_hal_tim.o(i.HAL_TIM_IC_CaptureCallback)
    HAL_TIM_IRQHandler                       0x08002665   Thumb Code   304  stm32f4xx_hal_tim.o(i.HAL_TIM_IRQHandler)
    HAL_TIM_MspPostInit                      0x08002795   Thumb Code    72  tim.o(i.HAL_TIM_MspPostInit)
    HAL_TIM_OC_DelayElapsedCallback          0x080027e9   Thumb Code     2  stm32f4xx_hal_tim.o(i.HAL_TIM_OC_DelayElapsedCallback)
    HAL_TIM_PWM_ConfigChannel                0x080027eb   Thumb Code   204  stm32f4xx_hal_tim.o(i.HAL_TIM_PWM_ConfigChannel)
    HAL_TIM_PWM_Init                         0x080028b7   Thumb Code    90  stm32f4xx_hal_tim.o(i.HAL_TIM_PWM_Init)
    HAL_TIM_PWM_MspInit                      0x08002911   Thumb Code     2  stm32f4xx_hal_tim.o(i.HAL_TIM_PWM_MspInit)
    HAL_TIM_PWM_PulseFinishedCallback        0x08002913   Thumb Code     2  stm32f4xx_hal_tim.o(i.HAL_TIM_PWM_PulseFinishedCallback)
    HAL_TIM_PWM_Start                        0x08002915   Thumb Code   172  stm32f4xx_hal_tim.o(i.HAL_TIM_PWM_Start)
    HAL_TIM_PeriodElapsedCallback            0x080029dd   Thumb Code     2  stm32f4xx_hal_tim.o(i.HAL_TIM_PeriodElapsedCallback)
    HAL_TIM_TriggerCallback                  0x080029df   Thumb Code     2  stm32f4xx_hal_tim.o(i.HAL_TIM_TriggerCallback)
    HAL_UARTEx_RxEventCallback               0x080029e1   Thumb Code     2  stm32f4xx_hal_uart.o(i.HAL_UARTEx_RxEventCallback)
    HAL_UART_ErrorCallback                   0x080029e3   Thumb Code     2  stm32f4xx_hal_uart.o(i.HAL_UART_ErrorCallback)
    HAL_UART_IRQHandler                      0x080029e5   Thumb Code   636  stm32f4xx_hal_uart.o(i.HAL_UART_IRQHandler)
    HAL_UART_Init                            0x08002c65   Thumb Code   100  stm32f4xx_hal_uart.o(i.HAL_UART_Init)
    HAL_UART_MspInit                         0x08002cc9   Thumb Code   310  usart.o(i.HAL_UART_MspInit)
    HAL_UART_Receive_DMA                     0x08002e19   Thumb Code    28  stm32f4xx_hal_uart.o(i.HAL_UART_Receive_DMA)
    HAL_UART_RxCpltCallback                  0x08002e35   Thumb Code     2  usart.o(i.HAL_UART_RxCpltCallback)
    HAL_UART_RxHalfCpltCallback              0x08002e37   Thumb Code     2  usart.o(i.HAL_UART_RxHalfCpltCallback)
    HAL_UART_Transmit                        0x08002e39   Thumb Code   160  stm32f4xx_hal_uart.o(i.HAL_UART_Transmit)
    HAL_UART_TxCpltCallback                  0x08002ed9   Thumb Code     2  usart.o(i.HAL_UART_TxCpltCallback)
    HardFault_Handler                        0x08002edb   Thumb Code     2  stm32f4xx_it.o(i.HardFault_Handler)
    Key_GetSetMode                           0x08003041   Thumb Code     6  keytpad_input.o(i.Key_GetSetMode)
    Key_GetSetValue                          0x0800304d   Thumb Code     6  keytpad_input.o(i.Key_GetSetValue)
    Key_Process                              0x08003059   Thumb Code   308  keytpad_input.o(i.Key_Process)
    Key_Scan                                 0x080032e5   Thumb Code   128  keytpad_input.o(i.Key_Scan)
    MX_DMA_Init                              0x0800336d   Thumb Code    56  dma.o(i.MX_DMA_Init)
    MX_FATFS_Init                            0x080033a9   Thumb Code    18  fatfs.o(i.MX_FATFS_Init)
    MX_FREERTOS_Init                         0x080033c5   Thumb Code   136  freertos.o(i.MX_FREERTOS_Init)
    MX_FSMC_Init                             0x08003455   Thumb Code   102  fsmc.o(i.MX_FSMC_Init)
    MX_GPIO_Init                             0x080034c5   Thumb Code   228  gpio.o(i.MX_GPIO_Init)
    MX_SDIO_SD_Init                          0x080035b9   Thumb Code    22  sdio.o(i.MX_SDIO_SD_Init)
    MX_TIM14_Init                            0x080035d9   Thumb Code    96  tim.o(i.MX_TIM14_Init)
    MX_TIM2_Init                             0x08003641   Thumb Code    96  tim.o(i.MX_TIM2_Init)
    MX_USART1_UART_Init                      0x080036a5   Thumb Code    48  usart.o(i.MX_USART1_UART_Init)
    MX_USART2_UART_Init                      0x080036dd   Thumb Code    48  usart.o(i.MX_USART2_UART_Init)
    MemManage_Handler                        0x08003715   Thumb Code     2  stm32f4xx_it.o(i.MemManage_Handler)
    NMI_Handler                              0x08003717   Thumb Code     2  stm32f4xx_it.o(i.NMI_Handler)
    SDIO_ConfigData                          0x08003719   Thumb Code    36  stm32f4xx_ll_sdmmc.o(i.SDIO_ConfigData)
    SDIO_GetPowerState                       0x0800373d   Thumb Code     8  stm32f4xx_ll_sdmmc.o(i.SDIO_GetPowerState)
    SDIO_GetResponse                         0x08003745   Thumb Code     6  stm32f4xx_ll_sdmmc.o(i.SDIO_GetResponse)
    SDIO_Init                                0x0800374b   Thumb Code    36  stm32f4xx_ll_sdmmc.o(i.SDIO_Init)
    SDIO_PowerState_ON                       0x0800376f   Thumb Code     8  stm32f4xx_ll_sdmmc.o(i.SDIO_PowerState_ON)
    SDIO_ReadFIFO                            0x08003777   Thumb Code     6  stm32f4xx_ll_sdmmc.o(i.SDIO_ReadFIFO)
    SDIO_SendCommand                         0x0800377d   Thumb Code    32  stm32f4xx_ll_sdmmc.o(i.SDIO_SendCommand)
    SDMMC_CmdAppCommand                      0x0800379d   Thumb Code    50  stm32f4xx_ll_sdmmc.o(i.SDMMC_CmdAppCommand)
    SDMMC_CmdAppOperCommand                  0x080037d1   Thumb Code    48  stm32f4xx_ll_sdmmc.o(i.SDMMC_CmdAppOperCommand)
    SDMMC_CmdBlockLength                     0x08003805   Thumb Code    50  stm32f4xx_ll_sdmmc.o(i.SDMMC_CmdBlockLength)
    SDMMC_CmdBusWidth                        0x08003837   Thumb Code    50  stm32f4xx_ll_sdmmc.o(i.SDMMC_CmdBusWidth)
    SDMMC_CmdGoIdleState                     0x08003869   Thumb Code    74  stm32f4xx_ll_sdmmc.o(i.SDMMC_CmdGoIdleState)
    SDMMC_CmdOperCond                        0x080038b9   Thumb Code    48  stm32f4xx_ll_sdmmc.o(i.SDMMC_CmdOperCond)
    SDMMC_CmdReadMultiBlock                  0x080038e9   Thumb Code    50  stm32f4xx_ll_sdmmc.o(i.SDMMC_CmdReadMultiBlock)
    SDMMC_CmdReadSingleBlock                 0x0800391b   Thumb Code    50  stm32f4xx_ll_sdmmc.o(i.SDMMC_CmdReadSingleBlock)
    SDMMC_CmdSelDesel                        0x0800394d   Thumb Code    50  stm32f4xx_ll_sdmmc.o(i.SDMMC_CmdSelDesel)
    SDMMC_CmdSendCID                         0x0800397f   Thumb Code    44  stm32f4xx_ll_sdmmc.o(i.SDMMC_CmdSendCID)
    SDMMC_CmdSendCSD                         0x080039ab   Thumb Code    44  stm32f4xx_ll_sdmmc.o(i.SDMMC_CmdSendCSD)
    SDMMC_CmdSendSCR                         0x080039d7   Thumb Code    48  stm32f4xx_ll_sdmmc.o(i.SDMMC_CmdSendSCR)
    SDMMC_CmdSendStatus                      0x08003a07   Thumb Code    50  stm32f4xx_ll_sdmmc.o(i.SDMMC_CmdSendStatus)
    SDMMC_CmdSetRelAdd                       0x08003a39   Thumb Code    48  stm32f4xx_ll_sdmmc.o(i.SDMMC_CmdSetRelAdd)
    SDMMC_CmdStopTransfer                    0x08003a69   Thumb Code    46  stm32f4xx_ll_sdmmc.o(i.SDMMC_CmdStopTransfer)
    SDMMC_CmdWriteMultiBlock                 0x08003a9d   Thumb Code    50  stm32f4xx_ll_sdmmc.o(i.SDMMC_CmdWriteMultiBlock)
    SDMMC_CmdWriteSingleBlock                0x08003acf   Thumb Code    50  stm32f4xx_ll_sdmmc.o(i.SDMMC_CmdWriteSingleBlock)
    SDMMC_GetCmdResp1                        0x08003b01   Thumb Code   278  stm32f4xx_ll_sdmmc.o(i.SDMMC_GetCmdResp1)
    SDMMC_GetCmdResp2                        0x08003c21   Thumb Code    76  stm32f4xx_ll_sdmmc.o(i.SDMMC_GetCmdResp2)
    SDMMC_GetCmdResp3                        0x08003c71   Thumb Code    62  stm32f4xx_ll_sdmmc.o(i.SDMMC_GetCmdResp3)
    SDMMC_GetCmdResp6                        0x08003cb5   Thumb Code   130  stm32f4xx_ll_sdmmc.o(i.SDMMC_GetCmdResp6)
    SDMMC_GetCmdResp7                        0x08003d3d   Thumb Code    82  stm32f4xx_ll_sdmmc.o(i.SDMMC_GetCmdResp7)
    SD_initialize                            0x08004111   Thumb Code    74  sd_diskio.o(i.SD_initialize)
    SD_ioctl                                 0x08004165   Thumb Code    76  sd_diskio.o(i.SD_ioctl)
    SD_read                                  0x080041b5   Thumb Code    98  sd_diskio.o(i.SD_read)
    SD_status                                0x0800421d   Thumb Code     4  sd_diskio.o(i.SD_status)
    SD_write                                 0x08004221   Thumb Code    98  sd_diskio.o(i.SD_write)
    StartTask_Display                        0x08004289   Thumb Code  1330  freertos.o(i.StartTask_Display)
    StartTask_RS485                          0x080047dd   Thumb Code   104  freertos.o(i.StartTask_RS485)
    StartTask_ReadSensor                     0x08004869   Thumb Code   224  freertos.o(i.StartTask_ReadSensor)
    SysTick_Handler                          0x08004989   Thumb Code    24  stm32f4xx_it.o(i.SysTick_Handler)
    SystemClock_Config                       0x080049a1   Thumb Code   142  main.o(i.SystemClock_Config)
    SystemInit                               0x08004a39   Thumb Code    12  system_stm32f4xx.o(i.SystemInit)
    TIM2_IRQHandler                          0x08004a49   Thumb Code     6  stm32f4xx_it.o(i.TIM2_IRQHandler)
    TIM_Base_SetConfig                       0x08004a55   Thumb Code   164  stm32f4xx_hal_tim.o(i.TIM_Base_SetConfig)
    TIM_CCxChannelCmd                        0x08004b25   Thumb Code    26  stm32f4xx_hal_tim.o(i.TIM_CCxChannelCmd)
    TIM_ETR_SetConfig                        0x08004b3f   Thumb Code    20  stm32f4xx_hal_tim.o(i.TIM_ETR_SetConfig)
    TIM_OC2_SetConfig                        0x08004bc5   Thumb Code    98  stm32f4xx_hal_tim.o(i.TIM_OC2_SetConfig)
    UART_Start_Receive_DMA                   0x08005065   Thumb Code   146  stm32f4xx_hal_uart.o(i.UART_Start_Receive_DMA)
    USART2_IRQHandler                        0x08005179   Thumb Code     6  stm32f4xx_it.o(i.USART2_IRQHandler)
    UsageFault_Handler                       0x08005185   Thumb Code     2  stm32f4xx_it.o(i.UsageFault_Handler)
    __0printf                                0x08005189   Thumb Code    22  printfa.o(i.__0printf)
    __1printf                                0x08005189   Thumb Code     0  printfa.o(i.__0printf)
    __2printf                                0x08005189   Thumb Code     0  printfa.o(i.__0printf)
    __c89printf                              0x08005189   Thumb Code     0  printfa.o(i.__0printf)
    printf                                   0x08005189   Thumb Code     0  printfa.o(i.__0printf)
    __0sprintf                               0x080051a9   Thumb Code    34  printfa.o(i.__0sprintf)
    __1sprintf                               0x080051a9   Thumb Code     0  printfa.o(i.__0sprintf)
    __2sprintf                               0x080051a9   Thumb Code     0  printfa.o(i.__0sprintf)
    __c89sprintf                             0x080051a9   Thumb Code     0  printfa.o(i.__0sprintf)
    sprintf                                  0x080051a9   Thumb Code     0  printfa.o(i.__0sprintf)
    __scatterload_copy                       0x080051f1   Thumb Code    14  handlers.o(i.__scatterload_copy)
    __scatterload_null                       0x080051ff   Thumb Code     2  handlers.o(i.__scatterload_null)
    __scatterload_zeroinit                   0x08005201   Thumb Code    14  handlers.o(i.__scatterload_zeroinit)
    delay_init                               0x08005aa5   Thumb Code     6  delay.o(i.delay_init)
    delay_ms                                 0x08005ab1   Thumb Code    10  delay.o(i.delay_ms)
    delay_us                                 0x08005abd   Thumb Code    40  delay.o(i.delay_us)
    fputc                                    0x08005ae9   Thumb Code    20  main.o(i.fputc)
    lcd_clear                                0x08005b0d   Thumb Code    44  lcd.o(i.lcd_clear)
    lcd_display_dir                          0x08005b3d   Thumb Code   230  lcd.o(i.lcd_display_dir)
    lcd_draw_point                           0x08005c29   Thumb Code    22  lcd.o(i.lcd_draw_point)
    lcd_ex_ili9341_reginit                   0x08005c3f   Thumb Code   558  lcd.o(i.lcd_ex_ili9341_reginit)
    lcd_ex_ili9806_reginit                   0x08005e6d   Thumb Code   834  lcd.o(i.lcd_ex_ili9806_reginit)
    lcd_ex_nt35310_reginit                   0x080061af   Thumb Code  3828  lcd.o(i.lcd_ex_nt35310_reginit)
    lcd_ex_nt35510_reginit                   0x080070a3   Thumb Code  3946  lcd.o(i.lcd_ex_nt35510_reginit)
    lcd_ex_ssd1963_reginit                   0x0800800d   Thumb Code   368  lcd.o(i.lcd_ex_ssd1963_reginit)
    lcd_ex_st7789_reginit                    0x0800817d   Thumb Code   426  lcd.o(i.lcd_ex_st7789_reginit)
    lcd_ex_st7796_reginit                    0x08008327   Thumb Code   456  lcd.o(i.lcd_ex_st7796_reginit)
    lcd_fill                                 0x080084f1   Thumb Code    72  lcd.o(i.lcd_fill)
    lcd_init                                 0x08008539   Thumb Code   864  lcd.o(i.lcd_init)
    lcd_scan_dir                             0x080088dd   Thumb Code   384  lcd.o(i.lcd_scan_dir)
    lcd_set_cursor                           0x08008a61   Thumb Code   238  lcd.o(i.lcd_set_cursor)
    lcd_show_char                            0x08008b55   Thumb Code   196  lcd.o(i.lcd_show_char)
    lcd_show_string                          0x08008c31   Thumb Code    86  lcd.o(i.lcd_show_string)
    lcd_ssd_backlight_set                    0x08008c89   Thumb Code    72  lcd.o(i.lcd_ssd_backlight_set)
    lcd_wr_data                              0x08008cd9   Thumb Code    24  lcd.o(i.lcd_wr_data)
    lcd_wr_regno                             0x08008cf1   Thumb Code    24  lcd.o(i.lcd_wr_regno)
    lcd_write_ram_prepare                    0x08008d09   Thumb Code    14  lcd.o(i.lcd_write_ram_prepare)
    lcd_write_reg                            0x08008d1d   Thumb Code    12  lcd.o(i.lcd_write_reg)
    main                                     0x08008d29   Thumb Code    76  main.o(i.main)
    osDelay                                  0x08008d89   Thumb Code    14  cmsis_os.o(i.osDelay)
    osKernelRunning                          0x08008d97   Thumb Code    18  cmsis_os.o(i.osKernelRunning)
    osKernelStart                            0x08008da9   Thumb Code    10  cmsis_os.o(i.osKernelStart)
    osKernelSysTick                          0x08008db3   Thumb Code    24  cmsis_os.o(i.osKernelSysTick)
    osMessageCreate                          0x08008dcb   Thumb Code    38  cmsis_os.o(i.osMessageCreate)
    osMessageGet                             0x08008df1   Thumb Code   144  cmsis_os.o(i.osMessageGet)
    osMessagePut                             0x08008e85   Thumb Code    86  cmsis_os.o(i.osMessagePut)
    osMutexCreate                            0x08008ee1   Thumb Code    16  cmsis_os.o(i.osMutexCreate)
    osMutexRelease                           0x08008ef1   Thumb Code    74  cmsis_os.o(i.osMutexRelease)
    osMutexWait                              0x08008f41   Thumb Code    96  cmsis_os.o(i.osMutexWait)
    osThreadCreate                           0x08008fa5   Thumb Code    84  cmsis_os.o(i.osThreadCreate)
    pvPortMalloc                             0x0800948d   Thumb Code   216  heap_4.o(i.pvPortMalloc)
    pvTaskIncrementMutexHeldCount            0x08009569   Thumb Code    18  tasks.o(i.pvTaskIncrementMutexHeldCount)
    pxPortInitialiseStack                    0x08009581   Thumb Code    40  port.o(i.pxPortInitialiseStack)
    rs485_init                               0x080095ad   Thumb Code    82  rs485.o(i.rs485_init)
    rs485_send_data                          0x0800960d   Thumb Code    54  rs485.o(i.rs485_send_data)
    rs485_send_frame                         0x0800964d   Thumb Code    62  rs485.o(i.rs485_send_frame)
    uxListRemove                             0x0800968b   Thumb Code    38  list.o(i.uxListRemove)
    vApplicationGetIdleTaskMemory            0x080096b1   Thumb Code    16  freertos.o(i.vApplicationGetIdleTaskMemory)
    vListInitialise                          0x080096c5   Thumb Code    22  list.o(i.vListInitialise)
    vListInitialiseItem                      0x080096db   Thumb Code     6  list.o(i.vListInitialiseItem)
    vListInsert                              0x080096e1   Thumb Code    48  list.o(i.vListInsert)
    vListInsertEnd                           0x08009711   Thumb Code    24  list.o(i.vListInsertEnd)
    vPortEnterCritical                       0x08009729   Thumb Code    54  port.o(i.vPortEnterCritical)
    vPortExitCritical                        0x08009769   Thumb Code    34  port.o(i.vPortExitCritical)
    vPortFree                                0x08009791   Thumb Code    94  heap_4.o(i.vPortFree)
    vPortSetupTimerInterrupt                 0x080097f5   Thumb Code    32  port.o(i.vPortSetupTimerInterrupt)
    vPortValidateInterruptPriority           0x08009819   Thumb Code    74  port.o(i.vPortValidateInterruptPriority)
    vTaskDelay                               0x0800986d   Thumb Code    66  tasks.o(i.vTaskDelay)
    vTaskInternalSetTimeOutState             0x080098b9   Thumb Code    12  tasks.o(i.vTaskInternalSetTimeOutState)
    vTaskMissedYield                         0x080098c9   Thumb Code     8  tasks.o(i.vTaskMissedYield)
    vTaskPlaceOnEventList                    0x080098d5   Thumb Code    44  tasks.o(i.vTaskPlaceOnEventList)
    vTaskPriorityDisinheritAfterTimeout      0x08009905   Thumb Code   152  tasks.o(i.vTaskPriorityDisinheritAfterTimeout)
    vTaskStartScheduler                      0x080099a5   Thumb Code    90  tasks.o(i.vTaskStartScheduler)
    vTaskSuspendAll                          0x08009a11   Thumb Code    10  tasks.o(i.vTaskSuspendAll)
    vTaskSwitchContext                       0x08009a21   Thumb Code    82  tasks.o(i.vTaskSwitchContext)
    xPortStartScheduler                      0x08009a7d   Thumb Code   222  port.o(i.xPortStartScheduler)
    xPortSysTickHandler                      0x08009b71   Thumb Code    38  port.o(i.xPortSysTickHandler)
    xQueueCreateMutex                        0x08009b9d   Thumb Code    22  queue.o(i.xQueueCreateMutex)
    xQueueCreateMutexStatic                  0x08009bb3   Thumb Code    26  queue.o(i.xQueueCreateMutexStatic)
    xQueueGenericCreate                      0x08009bcd   Thumb Code    66  queue.o(i.xQueueGenericCreate)
    xQueueGenericCreateStatic                0x08009c0f   Thumb Code   102  queue.o(i.xQueueGenericCreateStatic)
    xQueueGenericReset                       0x08009c75   Thumb Code   132  queue.o(i.xQueueGenericReset)
    xQueueGenericSend                        0x08009cfd   Thumb Code   346  queue.o(i.xQueueGenericSend)
    xQueueGenericSendFromISR                 0x08009e5d   Thumb Code   190  queue.o(i.xQueueGenericSendFromISR)
    xQueueGiveFromISR                        0x08009f1b   Thumb Code   156  queue.o(i.xQueueGiveFromISR)
    xQueueReceive                            0x08009fb9   Thumb Code   308  queue.o(i.xQueueReceive)
    xQueueReceiveFromISR                     0x0800a0f1   Thumb Code   154  queue.o(i.xQueueReceiveFromISR)
    xQueueSemaphoreTake                      0x0800a18d   Thumb Code   372  queue.o(i.xQueueSemaphoreTake)
    xTaskCheckForTimeOut                     0x0800a305   Thumb Code   112  tasks.o(i.xTaskCheckForTimeOut)
    xTaskCreate                              0x0800a379   Thumb Code    90  tasks.o(i.xTaskCreate)
    xTaskCreateStatic                        0x0800a3d3   Thumb Code    86  tasks.o(i.xTaskCreateStatic)
    xTaskGetSchedulerState                   0x0800a429   Thumb Code    22  tasks.o(i.xTaskGetSchedulerState)
    xTaskGetTickCount                        0x0800a445   Thumb Code     6  tasks.o(i.xTaskGetTickCount)
    xTaskGetTickCountFromISR                 0x0800a451   Thumb Code    12  tasks.o(i.xTaskGetTickCountFromISR)
    xTaskIncrementTick                       0x0800a461   Thumb Code   194  tasks.o(i.xTaskIncrementTick)
    xTaskPriorityDisinherit                  0x0800a52d   Thumb Code   144  tasks.o(i.xTaskPriorityDisinherit)
    xTaskPriorityInherit                     0x0800a5c5   Thumb Code   130  tasks.o(i.xTaskPriorityInherit)
    xTaskRemoveFromEventList                 0x0800a651   Thumb Code   108  tasks.o(i.xTaskRemoveFromEventList)
    xTaskResumeAll                           0x0800a6c5   Thumb Code   182  tasks.o(i.xTaskResumeAll)
    asc2_1206                                0x0800a788   Data        1140  lcd.o(.constdata)
    asc2_1608                                0x0800abfc   Data        1520  lcd.o(.constdata)
    asc2_2412                                0x0800b1ec   Data        3420  lcd.o(.constdata)
    asc2_3216                                0x0800bf48   Data        6080  lcd.o(.constdata)
    SD_Driver                                0x0800d7c0   Data          20  sd_diskio.o(.constdata)
    AHBPrescTable                            0x0800d7ec   Data          16  system_stm32f4xx.o(.constdata)
    APBPrescTable                            0x0800d7fc   Data           8  system_stm32f4xx.o(.constdata)
    Region$$Table$$Base                      0x0800d8bc   Number         0  anon$$obj.o(Region$$Table)
    Region$$Table$$Limit                     0x0800d8dc   Number         0  anon$$obj.o(Region$$Table)
    g_back_color                             0x20000000   Data           4  lcd.o(.data)
    temp_alarm_threshold                     0x2000001c   Data           4  main.o(.data)
    temp_alarm_high                          0x20000028   Data           4  freertos.o(.data)
    temp_alarm_low                           0x2000002c   Data           4  freertos.o(.data)
    humi_alarm_high                          0x20000030   Data           4  freertos.o(.data)
    humi_alarm_low                           0x20000034   Data           4  freertos.o(.data)
    RS485QueueHandle                         0x20000040   Data           4  freertos.o(.data)
    Task_ReadSensorHandle                    0x20000044   Data           4  freertos.o(.data)
    Task_DisplayHandle                       0x20000048   Data           4  freertos.o(.data)
    Task_RS485Handle                         0x2000004c   Data           4  freertos.o(.data)
    SensorQueueHandle                        0x20000050   Data           4  freertos.o(.data)
    LcdMutexHandle                           0x20000054   Data           4  freertos.o(.data)
    set_mode_flag                            0x20000058   Data           1  freertos.o(.data)
    retSD                                    0x20000064   Data           1  fatfs.o(.data)
    SDPath                                   0x20000065   Data           4  fatfs.o(.data)
    uwTickFreq                               0x2000006c   Data           1  stm32f4xx_hal.o(.data)
    uwTickPrio                               0x20000070   Data           4  stm32f4xx_hal.o(.data)
    uwTick                                   0x20000074   Data           4  stm32f4xx_hal.o(.data)
    SystemCoreClock                          0x20000078   Data           4  system_stm32f4xx.o(.data)
    pxCurrentTCB                             0x2000007c   Data           4  tasks.o(.data)
    __stdout                                 0x200000e8   Data           4  stdout.o(.data)
    g_sram_handle                            0x200000ec   Data          80  lcd.o(.bss)
    lcddev                                   0x2000013c   Data          14  lcd.o(.bss)
    g_RS485_rx_buf                           0x20000160   Data          64  rs485.o(.bss)
    hsram1                                   0x2000043c   Data          80  fsmc.o(.bss)
    hsd                                      0x2000048c   Data         132  sdio.o(.bss)
    htim2                                    0x20000510   Data          72  tim.o(.bss)
    htim14                                   0x20000558   Data          72  tim.o(.bss)
    huart1                                   0x200005a0   Data          72  usart.o(.bss)
    huart2                                   0x200005e8   Data          72  usart.o(.bss)
    hdma_usart2_tx                           0x20000630   Data          96  usart.o(.bss)
    hdma_usart2_rx                           0x20000690   Data          96  usart.o(.bss)
    disk                                     0x200006f0   Data          12  ff_gen_drv.o(.bss)
    __initial_sp                             0x200047f0   Data           0  startup_stm32f407xx.o(STACK)



==============================================================================

Memory Map of the image

  Image Entry point : 0x08000189

  Load Region LR_IROM1 (Base: 0x08000000, Size: 0x0000d9c8, Max: 0x00100000, ABSOLUTE)

    Execution Region ER_IROM1 (Exec base: 0x08000000, Load base: 0x08000000, Size: 0x0000d8dc, Max: 0x00100000, ABSOLUTE)

    Exec Addr    Load Addr    Size         Type   Attr      Idx    E Section Name        Object

    0x08000000   0x08000000   0x00000188   Data   RO            3    RESET               startup_stm32f407xx.o
    0x08000188   0x08000188   0x00000000   Code   RO         6819  * .ARM.Collect$$$$00000000  mc_w.l(entry.o)
    0x08000188   0x08000188   0x00000004   Code   RO         7103    .ARM.Collect$$$$00000001  mc_w.l(entry2.o)
    0x0800018c   0x0800018c   0x00000004   Code   RO         7106    .ARM.Collect$$$$00000004  mc_w.l(entry5.o)
    0x08000190   0x08000190   0x00000000   Code   RO         7108    .ARM.Collect$$$$00000008  mc_w.l(entry7b.o)
    0x08000190   0x08000190   0x00000000   Code   RO         7110    .ARM.Collect$$$$0000000A  mc_w.l(entry8b.o)
    0x08000190   0x08000190   0x00000008   Code   RO         7111    .ARM.Collect$$$$0000000B  mc_w.l(entry9a.o)
    0x08000198   0x08000198   0x00000004   Code   RO         7118    .ARM.Collect$$$$0000000E  mc_w.l(entry12b.o)
    0x0800019c   0x0800019c   0x00000000   Code   RO         7113    .ARM.Collect$$$$0000000F  mc_w.l(entry10a.o)
    0x0800019c   0x0800019c   0x00000000   Code   RO         7115    .ARM.Collect$$$$00000011  mc_w.l(entry11a.o)
    0x0800019c   0x0800019c   0x00000004   Code   RO         7104    .ARM.Collect$$$$00002712  mc_w.l(entry2.o)
    0x080001a0   0x080001a0   0x000000be   Code   RO         6580    .emb_text           port.o
    0x0800025e   0x0800025e   0x00000002   PAD
    0x08000260   0x08000260   0x00000024   Code   RO            4    .text               startup_stm32f407xx.o
    0x08000284   0x08000284   0x00000062   Code   RO         6822    .text               mc_w.l(uldiv.o)
    0x080002e6   0x080002e6   0x00000024   Code   RO         6824    .text               mc_w.l(memcpya.o)
    0x0800030a   0x0800030a   0x00000024   Code   RO         6828    .text               mc_w.l(memseta.o)
    0x0800032e   0x0800032e   0x0000000e   Code   RO         6830    .text               mc_w.l(strlen.o)
    0x0800033c   0x0800033c   0x000000e4   Code   RO         7095    .text               mf_w.l(dmul.o)
    0x08000420   0x08000420   0x0000001a   Code   RO         7097    .text               mf_w.l(dfltui.o)
    0x0800043a   0x0800043a   0x00000032   Code   RO         7099    .text               mf_w.l(dfixui.o)
    0x0800046c   0x0800046c   0x00000026   Code   RO         7101    .text               mf_w.l(f2d.o)
    0x08000492   0x08000492   0x0000002c   Code   RO         7120    .text               mc_w.l(uidiv.o)
    0x080004be   0x080004be   0x0000001e   Code   RO         7122    .text               mc_w.l(llshl.o)
    0x080004dc   0x080004dc   0x00000020   Code   RO         7124    .text               mc_w.l(llushr.o)
    0x080004fc   0x080004fc   0x00000000   Code   RO         7126    .text               mc_w.l(iusefp.o)
    0x080004fc   0x080004fc   0x000000ba   Code   RO         7127    .text               mf_w.l(depilogue.o)
    0x080005b6   0x080005b6   0x0000014e   Code   RO         7129    .text               mf_w.l(dadd.o)
    0x08000704   0x08000704   0x000000de   Code   RO         7131    .text               mf_w.l(ddiv.o)
    0x080007e2   0x080007e2   0x00000030   Code   RO         7133    .text               mf_w.l(dfixul.o)
    0x08000812   0x08000812   0x00000002   PAD
    0x08000814   0x08000814   0x00000030   Code   RO         7135    .text               mf_w.l(cdrcmple.o)
    0x08000844   0x08000844   0x00000024   Code   RO         7137    .text               mc_w.l(init.o)
    0x08000868   0x08000868   0x00000024   Code   RO         7139    .text               mc_w.l(llsshr.o)
    0x0800088c   0x0800088c   0x00000080   Code   RO          462    i.Alarm_Clear       alarm.o
    0x0800090c   0x0800090c   0x0000000c   Code   RO          463    i.Alarm_GetContinuousCount  alarm.o
    0x08000918   0x08000918   0x0000000c   Code   RO          464    i.Alarm_GetNormalCount  alarm.o
    0x08000924   0x08000924   0x00000048   Code   RO          465    i.Alarm_GetOverflowType  alarm.o
    0x0800096c   0x0800096c   0x0000000c   Code   RO          466    i.Alarm_GetState    alarm.o
    0x08000978   0x08000978   0x0000000c   Code   RO          467    i.Alarm_GetType     alarm.o
    0x08000984   0x08000984   0x0000000c   Code   RO          469    i.Alarm_IsTriggered  alarm.o
    0x08000990   0x08000990   0x00000084   Code   RO          473    i.Alarm_Trigger     alarm.o
    0x08000a14   0x08000a14   0x000000ac   Code   RO          474    i.Alarm_Update      alarm.o
    0x08000ac0   0x08000ac0   0x0000000c   Code   RO         1269    i.BSP_SD_GetCardInfo  bsp_driver_sd.o
    0x08000acc   0x08000acc   0x00000018   Code   RO         1270    i.BSP_SD_GetCardState  bsp_driver_sd.o
    0x08000ae4   0x08000ae4   0x00000030   Code   RO         1272    i.BSP_SD_Init       bsp_driver_sd.o
    0x08000b14   0x08000b14   0x0000000e   Code   RO         1273    i.BSP_SD_IsDetected  bsp_driver_sd.o
    0x08000b22   0x08000b22   0x00000002   PAD
    0x08000b24   0x08000b24   0x0000001c   Code   RO         1275    i.BSP_SD_ReadBlocks_DMA  bsp_driver_sd.o
    0x08000b40   0x08000b40   0x00000010   Code   RO         1387    i.BSP_SD_ReadCpltCallback  sd_diskio.o
    0x08000b50   0x08000b50   0x0000001c   Code   RO         1278    i.BSP_SD_WriteBlocks_DMA  bsp_driver_sd.o
    0x08000b6c   0x08000b6c   0x00000002   Code   RO         1154    i.BusFault_Handler  stm32f4xx_it.o
    0x08000b6e   0x08000b6e   0x00000002   PAD
    0x08000b70   0x08000b70   0x00000050   Code   RO         6660    i.DHT11_Init        dht11.o
    0x08000bc0   0x08000bc0   0x00000026   Code   RO         6661    i.DHT11_Read        dht11.o
    0x08000be6   0x08000be6   0x00000002   PAD
    0x08000be8   0x08000be8   0x00000080   Code   RO         6662    i.DHT11_ReadByte    dht11.o
    0x08000c68   0x08000c68   0x00000138   Code   RO         6663    i.DHT11_ReadOnce    dht11.o
    0x08000da0   0x08000da0   0x0000003c   Code   RO         6664    i.DHT11_WaitPinLevel  dht11.o
    0x08000ddc   0x08000ddc   0x0000000c   Code   RO         1155    i.DMA1_Stream5_IRQHandler  stm32f4xx_it.o
    0x08000de8   0x08000de8   0x0000000c   Code   RO         1156    i.DMA1_Stream6_IRQHandler  stm32f4xx_it.o
    0x08000df4   0x08000df4   0x00000028   Code   RO         1965    i.DMA_CalcBaseAndBitshift  stm32f4xx_hal_dma.o
    0x08000e1c   0x08000e1c   0x00000054   Code   RO         1966    i.DMA_CheckFifoParam  stm32f4xx_hal_dma.o
    0x08000e70   0x08000e70   0x00000028   Code   RO         1967    i.DMA_SetConfig     stm32f4xx_hal_dma.o
    0x08000e98   0x08000e98   0x00000002   Code   RO         1157    i.DebugMon_Handler  stm32f4xx_it.o
    0x08000e9a   0x08000e9a   0x00000004   Code   RO          742    i.Error_Handler     main.o
    0x08000e9e   0x08000e9e   0x00000006   Code   RO         5271    i.FATFS_LinkDriver  ff_gen_drv.o
    0x08000ea4   0x08000ea4   0x00000040   Code   RO         5272    i.FATFS_LinkDriverEx  ff_gen_drv.o
    0x08000ee4   0x08000ee4   0x0000003c   Code   RO         2664    i.FSMC_NORSRAM_Extended_Timing_Init  stm32f4xx_ll_fsmc.o
    0x08000f20   0x08000f20   0x00000068   Code   RO         2665    i.FSMC_NORSRAM_Init  stm32f4xx_ll_fsmc.o
    0x08000f88   0x08000f88   0x0000003c   Code   RO         2666    i.FSMC_NORSRAM_Timing_Init  stm32f4xx_ll_fsmc.o
    0x08000fc4   0x08000fc4   0x00000028   Code   RO          382    i.Flash_Read_TempThreshold  flash.o
    0x08000fec   0x08000fec   0x00000092   Code   RO         1968    i.HAL_DMA_Abort     stm32f4xx_hal_dma.o
    0x0800107e   0x0800107e   0x00000024   Code   RO         1969    i.HAL_DMA_Abort_IT  stm32f4xx_hal_dma.o
    0x080010a2   0x080010a2   0x00000004   Code   RO         1971    i.HAL_DMA_GetError  stm32f4xx_hal_dma.o
    0x080010a6   0x080010a6   0x00000002   PAD
    0x080010a8   0x080010a8   0x000001a0   Code   RO         1973    i.HAL_DMA_IRQHandler  stm32f4xx_hal_dma.o
    0x08001248   0x08001248   0x000000d4   Code   RO         1974    i.HAL_DMA_Init      stm32f4xx_hal_dma.o
    0x0800131c   0x0800131c   0x0000006e   Code   RO         1978    i.HAL_DMA_Start_IT  stm32f4xx_hal_dma.o
    0x0800138a   0x0800138a   0x00000006   Code   RO         6705    i.HAL_Delay         delay.o
    0x08001390   0x08001390   0x000001f0   Code   RO         1861    i.HAL_GPIO_Init     stm32f4xx_hal_gpio.o
    0x08001580   0x08001580   0x0000000a   Code   RO         1863    i.HAL_GPIO_ReadPin  stm32f4xx_hal_gpio.o
    0x0800158a   0x0800158a   0x0000000a   Code   RO         1865    i.HAL_GPIO_WritePin  stm32f4xx_hal_gpio.o
    0x08001594   0x08001594   0x0000000c   Code   RO         2411    i.HAL_GetTick       stm32f4xx_hal.o
    0x080015a0   0x080015a0   0x00000010   Code   RO         2417    i.HAL_IncTick       stm32f4xx_hal.o
    0x080015b0   0x080015b0   0x00000034   Code   RO         2418    i.HAL_Init          stm32f4xx_hal.o
    0x080015e4   0x080015e4   0x00000040   Code   RO         2419    i.HAL_InitTick      stm32f4xx_hal.o
    0x08001624   0x08001624   0x00000038   Code   RO         1242    i.HAL_MspInit       stm32f4xx_hal_msp.o
    0x0800165c   0x0800165c   0x0000001a   Code   RO         2253    i.HAL_NVIC_EnableIRQ  stm32f4xx_hal_cortex.o
    0x08001676   0x08001676   0x00000002   PAD
    0x08001678   0x08001678   0x00000040   Code   RO         2259    i.HAL_NVIC_SetPriority  stm32f4xx_hal_cortex.o
    0x080016b8   0x080016b8   0x00000024   Code   RO         2260    i.HAL_NVIC_SetPriorityGrouping  stm32f4xx_hal_cortex.o
    0x080016dc   0x080016dc   0x00000134   Code   RO         1507    i.HAL_RCC_ClockConfig  stm32f4xx_hal_rcc.o
    0x08001810   0x08001810   0x00000020   Code   RO         1514    i.HAL_RCC_GetPCLK1Freq  stm32f4xx_hal_rcc.o
    0x08001830   0x08001830   0x00000020   Code   RO         1515    i.HAL_RCC_GetPCLK2Freq  stm32f4xx_hal_rcc.o
    0x08001850   0x08001850   0x00000060   Code   RO         1516    i.HAL_RCC_GetSysClockFreq  stm32f4xx_hal_rcc.o
    0x080018b0   0x080018b0   0x0000036c   Code   RO         1519    i.HAL_RCC_OscConfig  stm32f4xx_hal_rcc.o
    0x08001c1c   0x08001c1c   0x00000118   Code   RO         3260    i.HAL_SD_ConfigWideBusOperation  stm32f4xx_hal_sd.o
    0x08001d34   0x08001d34   0x00000002   Code   RO         3263    i.HAL_SD_ErrorCallback  stm32f4xx_hal_sd.o
    0x08001d36   0x08001d36   0x00000002   PAD
    0x08001d38   0x08001d38   0x00000198   Code   RO         3265    i.HAL_SD_GetCardCSD  stm32f4xx_hal_sd.o
    0x08001ed0   0x08001ed0   0x00000024   Code   RO         3266    i.HAL_SD_GetCardInfo  stm32f4xx_hal_sd.o
    0x08001ef4   0x08001ef4   0x0000002c   Code   RO         3267    i.HAL_SD_GetCardState  stm32f4xx_hal_sd.o
    0x08001f20   0x08001f20   0x00000036   Code   RO         3272    i.HAL_SD_Init       stm32f4xx_hal_sd.o
    0x08001f56   0x08001f56   0x00000002   PAD
    0x08001f58   0x08001f58   0x00000078   Code   RO         3273    i.HAL_SD_InitCard   stm32f4xx_hal_sd.o
    0x08001fd0   0x08001fd0   0x00000094   Code   RO          993    i.HAL_SD_MspInit    sdio.o
    0x08002064   0x08002064   0x00000124   Code   RO         3277    i.HAL_SD_ReadBlocks_DMA  stm32f4xx_hal_sd.o
    0x08002188   0x08002188   0x00000008   Code   RO         1281    i.HAL_SD_RxCpltCallback  bsp_driver_sd.o
    0x08002190   0x08002190   0x00000120   Code   RO         3282    i.HAL_SD_WriteBlocks_DMA  stm32f4xx_hal_sd.o
    0x080022b0   0x080022b0   0x0000005c   Code   RO         2804    i.HAL_SRAM_Init     stm32f4xx_hal_sram.o
    0x0800230c   0x0800230c   0x00000074   Code   RO           13    i.HAL_SRAM_MspInit  lcd.o
    0x08002380   0x08002380   0x00000028   Code   RO         2264    i.HAL_SYSTICK_Config  stm32f4xx_hal_cortex.o
    0x080023a8   0x080023a8   0x00000002   Code   RO         4206    i.HAL_TIMEx_BreakCallback  stm32f4xx_hal_tim_ex.o
    0x080023aa   0x080023aa   0x00000002   Code   RO         4207    i.HAL_TIMEx_CommutCallback  stm32f4xx_hal_tim_ex.o
    0x080023ac   0x080023ac   0x00000090   Code   RO         4225    i.HAL_TIMEx_MasterConfigSynchronization  stm32f4xx_hal_tim_ex.o
    0x0800243c   0x0800243c   0x0000005a   Code   RO         3502    i.HAL_TIM_Base_Init  stm32f4xx_hal_tim.o
    0x08002496   0x08002496   0x00000002   PAD
    0x08002498   0x08002498   0x00000050   Code   RO         1035    i.HAL_TIM_Base_MspInit  tim.o
    0x080024e8   0x080024e8   0x00000078   Code   RO         3505    i.HAL_TIM_Base_Start  stm32f4xx_hal_tim.o
    0x08002560   0x08002560   0x00000026   Code   RO         3508    i.HAL_TIM_Base_Stop  stm32f4xx_hal_tim.o
    0x08002586   0x08002586   0x000000dc   Code   RO         3511    i.HAL_TIM_ConfigClockSource  stm32f4xx_hal_tim.o
    0x08002662   0x08002662   0x00000002   Code   RO         3536    i.HAL_TIM_IC_CaptureCallback  stm32f4xx_hal_tim.o
    0x08002664   0x08002664   0x00000130   Code   RO         3550    i.HAL_TIM_IRQHandler  stm32f4xx_hal_tim.o
    0x08002794   0x08002794   0x00000054   Code   RO         1036    i.HAL_TIM_MspPostInit  tim.o
    0x080027e8   0x080027e8   0x00000002   Code   RO         3553    i.HAL_TIM_OC_DelayElapsedCallback  stm32f4xx_hal_tim.o
    0x080027ea   0x080027ea   0x000000cc   Code   RO         3574    i.HAL_TIM_PWM_ConfigChannel  stm32f4xx_hal_tim.o
    0x080028b6   0x080028b6   0x0000005a   Code   RO         3577    i.HAL_TIM_PWM_Init  stm32f4xx_hal_tim.o
    0x08002910   0x08002910   0x00000002   Code   RO         3579    i.HAL_TIM_PWM_MspInit  stm32f4xx_hal_tim.o
    0x08002912   0x08002912   0x00000002   Code   RO         3580    i.HAL_TIM_PWM_PulseFinishedCallback  stm32f4xx_hal_tim.o
    0x08002914   0x08002914   0x000000c8   Code   RO         3582    i.HAL_TIM_PWM_Start  stm32f4xx_hal_tim.o
    0x080029dc   0x080029dc   0x00000002   Code   RO         3588    i.HAL_TIM_PeriodElapsedCallback  stm32f4xx_hal_tim.o
    0x080029de   0x080029de   0x00000002   Code   RO         3593    i.HAL_TIM_TriggerCallback  stm32f4xx_hal_tim.o
    0x080029e0   0x080029e0   0x00000002   Code   RO         4485    i.HAL_UARTEx_RxEventCallback  stm32f4xx_hal_uart.o
    0x080029e2   0x080029e2   0x00000002   Code   RO         4499    i.HAL_UART_ErrorCallback  stm32f4xx_hal_uart.o
    0x080029e4   0x080029e4   0x00000280   Code   RO         4502    i.HAL_UART_IRQHandler  stm32f4xx_hal_uart.o
    0x08002c64   0x08002c64   0x00000064   Code   RO         4503    i.HAL_UART_Init     stm32f4xx_hal_uart.o
    0x08002cc8   0x08002cc8   0x00000150   Code   RO         1089    i.HAL_UART_MspInit  usart.o
    0x08002e18   0x08002e18   0x0000001c   Code   RO         4507    i.HAL_UART_Receive_DMA  stm32f4xx_hal_uart.o
    0x08002e34   0x08002e34   0x00000002   Code   RO         1090    i.HAL_UART_RxCpltCallback  usart.o
    0x08002e36   0x08002e36   0x00000002   Code   RO         1091    i.HAL_UART_RxHalfCpltCallback  usart.o
    0x08002e38   0x08002e38   0x000000a0   Code   RO         4511    i.HAL_UART_Transmit  stm32f4xx_hal_uart.o
    0x08002ed8   0x08002ed8   0x00000002   Code   RO         1092    i.HAL_UART_TxCpltCallback  usart.o
    0x08002eda   0x08002eda   0x00000002   Code   RO         1158    i.HardFault_Handler  stm32f4xx_it.o
    0x08002edc   0x08002edc   0x00000090   Code   RO          667    i.Key_ApplySetValue  keytpad_input.o
    0x08002f6c   0x08002f6c   0x0000002c   Code   RO          668    i.Key_Beep          keytpad_input.o
    0x08002f98   0x08002f98   0x000000a8   Code   RO          669    i.Key_EnterNextMode  keytpad_input.o
    0x08003040   0x08003040   0x0000000c   Code   RO          670    i.Key_GetSetMode    keytpad_input.o
    0x0800304c   0x0800304c   0x0000000c   Code   RO          671    i.Key_GetSetValue   keytpad_input.o
    0x08003058   0x08003058   0x00000174   Code   RO          673    i.Key_Process       keytpad_input.o
    0x080031cc   0x080031cc   0x00000118   Code   RO          674    i.Key_SaveAllSettings  keytpad_input.o
    0x080032e4   0x080032e4   0x00000088   Code   RO          675    i.Key_Scan          keytpad_input.o
    0x0800336c   0x0800336c   0x0000003c   Code   RO          931    i.MX_DMA_Init       dma.o
    0x080033a8   0x080033a8   0x0000001c   Code   RO         1468    i.MX_FATFS_Init     fatfs.o
    0x080033c4   0x080033c4   0x00000090   Code   RO          854    i.MX_FREERTOS_Init  freertos.o
    0x08003454   0x08003454   0x00000070   Code   RO          956    i.MX_FSMC_Init      fsmc.o
    0x080034c4   0x080034c4   0x000000f4   Code   RO          830    i.MX_GPIO_Init      gpio.o
    0x080035b8   0x080035b8   0x00000020   Code   RO          994    i.MX_SDIO_SD_Init   sdio.o
    0x080035d8   0x080035d8   0x00000068   Code   RO         1037    i.MX_TIM14_Init     tim.o
    0x08003640   0x08003640   0x00000064   Code   RO         1038    i.MX_TIM2_Init      tim.o
    0x080036a4   0x080036a4   0x00000038   Code   RO         1093    i.MX_USART1_UART_Init  usart.o
    0x080036dc   0x080036dc   0x00000038   Code   RO         1094    i.MX_USART2_UART_Init  usart.o
    0x08003714   0x08003714   0x00000002   Code   RO         1159    i.MemManage_Handler  stm32f4xx_it.o
    0x08003716   0x08003716   0x00000002   Code   RO         1160    i.NMI_Handler       stm32f4xx_it.o
    0x08003718   0x08003718   0x00000024   Code   RO         2971    i.SDIO_ConfigData   stm32f4xx_ll_sdmmc.o
    0x0800373c   0x0800373c   0x00000008   Code   RO         2975    i.SDIO_GetPowerState  stm32f4xx_ll_sdmmc.o
    0x08003744   0x08003744   0x00000006   Code   RO         2976    i.SDIO_GetResponse  stm32f4xx_ll_sdmmc.o
    0x0800374a   0x0800374a   0x00000024   Code   RO         2977    i.SDIO_Init         stm32f4xx_ll_sdmmc.o
    0x0800376e   0x0800376e   0x00000008   Code   RO         2979    i.SDIO_PowerState_ON  stm32f4xx_ll_sdmmc.o
    0x08003776   0x08003776   0x00000006   Code   RO         2980    i.SDIO_ReadFIFO     stm32f4xx_ll_sdmmc.o
    0x0800377c   0x0800377c   0x00000020   Code   RO         2981    i.SDIO_SendCommand  stm32f4xx_ll_sdmmc.o
    0x0800379c   0x0800379c   0x00000032   Code   RO         2984    i.SDMMC_CmdAppCommand  stm32f4xx_ll_sdmmc.o
    0x080037ce   0x080037ce   0x00000002   PAD
    0x080037d0   0x080037d0   0x00000034   Code   RO         2985    i.SDMMC_CmdAppOperCommand  stm32f4xx_ll_sdmmc.o
    0x08003804   0x08003804   0x00000032   Code   RO         2986    i.SDMMC_CmdBlockLength  stm32f4xx_ll_sdmmc.o
    0x08003836   0x08003836   0x00000032   Code   RO         2987    i.SDMMC_CmdBusWidth  stm32f4xx_ll_sdmmc.o
    0x08003868   0x08003868   0x00000050   Code   RO         2991    i.SDMMC_CmdGoIdleState  stm32f4xx_ll_sdmmc.o
    0x080038b8   0x080038b8   0x00000030   Code   RO         2993    i.SDMMC_CmdOperCond  stm32f4xx_ll_sdmmc.o
    0x080038e8   0x080038e8   0x00000032   Code   RO         2994    i.SDMMC_CmdReadMultiBlock  stm32f4xx_ll_sdmmc.o
    0x0800391a   0x0800391a   0x00000032   Code   RO         2995    i.SDMMC_CmdReadSingleBlock  stm32f4xx_ll_sdmmc.o
    0x0800394c   0x0800394c   0x00000032   Code   RO         2998    i.SDMMC_CmdSelDesel  stm32f4xx_ll_sdmmc.o
    0x0800397e   0x0800397e   0x0000002c   Code   RO         2999    i.SDMMC_CmdSendCID  stm32f4xx_ll_sdmmc.o
    0x080039aa   0x080039aa   0x0000002c   Code   RO         3000    i.SDMMC_CmdSendCSD  stm32f4xx_ll_sdmmc.o
    0x080039d6   0x080039d6   0x00000030   Code   RO         3002    i.SDMMC_CmdSendSCR  stm32f4xx_ll_sdmmc.o
    0x08003a06   0x08003a06   0x00000032   Code   RO         3003    i.SDMMC_CmdSendStatus  stm32f4xx_ll_sdmmc.o
    0x08003a38   0x08003a38   0x00000030   Code   RO         3004    i.SDMMC_CmdSetRelAdd  stm32f4xx_ll_sdmmc.o
    0x08003a68   0x08003a68   0x00000034   Code   RO         3007    i.SDMMC_CmdStopTransfer  stm32f4xx_ll_sdmmc.o
    0x08003a9c   0x08003a9c   0x00000032   Code   RO         3009    i.SDMMC_CmdWriteMultiBlock  stm32f4xx_ll_sdmmc.o
    0x08003ace   0x08003ace   0x00000032   Code   RO         3010    i.SDMMC_CmdWriteSingleBlock  stm32f4xx_ll_sdmmc.o
    0x08003b00   0x08003b00   0x00000120   Code   RO         3011    i.SDMMC_GetCmdResp1  stm32f4xx_ll_sdmmc.o
    0x08003c20   0x08003c20   0x00000050   Code   RO         3012    i.SDMMC_GetCmdResp2  stm32f4xx_ll_sdmmc.o
    0x08003c70   0x08003c70   0x00000044   Code   RO         3013    i.SDMMC_GetCmdResp3  stm32f4xx_ll_sdmmc.o
    0x08003cb4   0x08003cb4   0x00000088   Code   RO         3014    i.SDMMC_GetCmdResp6  stm32f4xx_ll_sdmmc.o
    0x08003d3c   0x08003d3c   0x00000058   Code   RO         3015    i.SDMMC_GetCmdResp7  stm32f4xx_ll_sdmmc.o
    0x08003d94   0x08003d94   0x00000020   Code   RO         1389    i.SD_CheckStatus    sd_diskio.o
    0x08003db4   0x08003db4   0x00000024   Code   RO         1390    i.SD_CheckStatusWithTimeout  sd_diskio.o
    0x08003dd8   0x08003dd8   0x00000064   Code   RO         3284    i.SD_DMAError       stm32f4xx_hal_sd.o
    0x08003e3c   0x08003e3c   0x00000042   Code   RO         3285    i.SD_DMAReceiveCplt  stm32f4xx_hal_sd.o
    0x08003e7e   0x08003e7e   0x0000000e   Code   RO         3287    i.SD_DMATransmitCplt  stm32f4xx_hal_sd.o
    0x08003e8c   0x08003e8c   0x000000e0   Code   RO         3289    i.SD_FindSCR        stm32f4xx_hal_sd.o
    0x08003f6c   0x08003f6c   0x000000ee   Code   RO         3290    i.SD_InitCard       stm32f4xx_hal_sd.o
    0x0800405a   0x0800405a   0x00000002   PAD
    0x0800405c   0x0800405c   0x000000b4   Code   RO         3291    i.SD_PowerON        stm32f4xx_hal_sd.o
    0x08004110   0x08004110   0x00000054   Code   RO         1391    i.SD_initialize     sd_diskio.o
    0x08004164   0x08004164   0x00000050   Code   RO         1392    i.SD_ioctl          sd_diskio.o
    0x080041b4   0x080041b4   0x00000068   Code   RO         1393    i.SD_read           sd_diskio.o
    0x0800421c   0x0800421c   0x00000004   Code   RO         1394    i.SD_status         sd_diskio.o
    0x08004220   0x08004220   0x00000068   Code   RO         1395    i.SD_write          sd_diskio.o
    0x08004288   0x08004288   0x00000554   Code   RO          855    i.StartTask_Display  freertos.o
    0x080047dc   0x080047dc   0x0000008c   Code   RO          856    i.StartTask_RS485   freertos.o
    0x08004868   0x08004868   0x00000120   Code   RO          857    i.StartTask_ReadSensor  freertos.o
    0x08004988   0x08004988   0x00000018   Code   RO         1161    i.SysTick_Handler   stm32f4xx_it.o
    0x080049a0   0x080049a0   0x00000098   Code   RO          743    i.SystemClock_Config  main.o
    0x08004a38   0x08004a38   0x00000010   Code   RO         4837    i.SystemInit        system_stm32f4xx.o
    0x08004a48   0x08004a48   0x0000000c   Code   RO         1162    i.TIM2_IRQHandler   stm32f4xx_it.o
    0x08004a54   0x08004a54   0x000000d0   Code   RO         3595    i.TIM_Base_SetConfig  stm32f4xx_hal_tim.o
    0x08004b24   0x08004b24   0x0000001a   Code   RO         3596    i.TIM_CCxChannelCmd  stm32f4xx_hal_tim.o
    0x08004b3e   0x08004b3e   0x00000014   Code   RO         3606    i.TIM_ETR_SetConfig  stm32f4xx_hal_tim.o
    0x08004b52   0x08004b52   0x00000010   Code   RO         3607    i.TIM_ITRx_SetConfig  stm32f4xx_hal_tim.o
    0x08004b62   0x08004b62   0x00000002   PAD
    0x08004b64   0x08004b64   0x00000060   Code   RO         3608    i.TIM_OC1_SetConfig  stm32f4xx_hal_tim.o
    0x08004bc4   0x08004bc4   0x0000006c   Code   RO         3609    i.TIM_OC2_SetConfig  stm32f4xx_hal_tim.o
    0x08004c30   0x08004c30   0x00000068   Code   RO         3610    i.TIM_OC3_SetConfig  stm32f4xx_hal_tim.o
    0x08004c98   0x08004c98   0x00000050   Code   RO         3611    i.TIM_OC4_SetConfig  stm32f4xx_hal_tim.o
    0x08004ce8   0x08004ce8   0x00000022   Code   RO         3613    i.TIM_TI1_ConfigInputStage  stm32f4xx_hal_tim.o
    0x08004d0a   0x08004d0a   0x00000024   Code   RO         3615    i.TIM_TI2_ConfigInputStage  stm32f4xx_hal_tim.o
    0x08004d2e   0x08004d2e   0x0000000e   Code   RO         4516    i.UART_DMAAbortOnError  stm32f4xx_hal_uart.o
    0x08004d3c   0x08004d3c   0x0000004a   Code   RO         4517    i.UART_DMAError     stm32f4xx_hal_uart.o
    0x08004d86   0x08004d86   0x00000086   Code   RO         4518    i.UART_DMAReceiveCplt  stm32f4xx_hal_uart.o
    0x08004e0c   0x08004e0c   0x0000001e   Code   RO         4520    i.UART_DMARxHalfCplt  stm32f4xx_hal_uart.o
    0x08004e2a   0x08004e2a   0x0000004e   Code   RO         4526    i.UART_EndRxTransfer  stm32f4xx_hal_uart.o
    0x08004e78   0x08004e78   0x0000001c   Code   RO         4527    i.UART_EndTxTransfer  stm32f4xx_hal_uart.o
    0x08004e94   0x08004e94   0x000000c2   Code   RO         4528    i.UART_Receive_IT   stm32f4xx_hal_uart.o
    0x08004f56   0x08004f56   0x00000002   PAD
    0x08004f58   0x08004f58   0x0000010c   Code   RO         4529    i.UART_SetConfig    stm32f4xx_hal_uart.o
    0x08005064   0x08005064   0x000000a0   Code   RO         4530    i.UART_Start_Receive_DMA  stm32f4xx_hal_uart.o
    0x08005104   0x08005104   0x00000072   Code   RO         4532    i.UART_WaitOnFlagUntilTimeout  stm32f4xx_hal_uart.o
    0x08005176   0x08005176   0x00000002   PAD
    0x08005178   0x08005178   0x0000000c   Code   RO         1163    i.USART2_IRQHandler  stm32f4xx_it.o
    0x08005184   0x08005184   0x00000002   Code   RO         1164    i.UsageFault_Handler  stm32f4xx_it.o
    0x08005186   0x08005186   0x00000002   PAD
    0x08005188   0x08005188   0x00000020   Code   RO         7067    i.__0printf         mc_w.l(printfa.o)
    0x080051a8   0x080051a8   0x00000028   Code   RO         7069    i.__0sprintf        mc_w.l(printfa.o)
    0x080051d0   0x080051d0   0x00000020   Code   RO         2266    i.__NVIC_SetPriority  stm32f4xx_hal_cortex.o
    0x080051f0   0x080051f0   0x0000000e   Code   RO         7143    i.__scatterload_copy  mc_w.l(handlers.o)
    0x080051fe   0x080051fe   0x00000002   Code   RO         7144    i.__scatterload_null  mc_w.l(handlers.o)
    0x08005200   0x08005200   0x0000000e   Code   RO         7145    i.__scatterload_zeroinit  mc_w.l(handlers.o)
    0x0800520e   0x0800520e   0x00000002   PAD
    0x08005210   0x08005210   0x00000184   Code   RO         7074    i._fp_digits        mc_w.l(printfa.o)
    0x08005394   0x08005394   0x000006b4   Code   RO         7075    i._printf_core      mc_w.l(printfa.o)
    0x08005a48   0x08005a48   0x00000024   Code   RO         7076    i._printf_post_padding  mc_w.l(printfa.o)
    0x08005a6c   0x08005a6c   0x0000002e   Code   RO         7077    i._printf_pre_padding  mc_w.l(printfa.o)
    0x08005a9a   0x08005a9a   0x0000000a   Code   RO         7079    i._sputc            mc_w.l(printfa.o)
    0x08005aa4   0x08005aa4   0x0000000c   Code   RO         6706    i.delay_init        delay.o
    0x08005ab0   0x08005ab0   0x0000000a   Code   RO         6707    i.delay_ms          delay.o
    0x08005aba   0x08005aba   0x00000002   PAD
    0x08005abc   0x08005abc   0x0000002c   Code   RO         6708    i.delay_us          delay.o
    0x08005ae8   0x08005ae8   0x00000018   Code   RO          744    i.fputc             main.o
    0x08005b00   0x08005b00   0x0000000c   Code   RO         6144    i.inHandlerMode     cmsis_os.o
    0x08005b0c   0x08005b0c   0x00000030   Code   RO           14    i.lcd_clear         lcd.o
    0x08005b3c   0x08005b3c   0x000000ec   Code   RO           16    i.lcd_display_dir   lcd.o
    0x08005c28   0x08005c28   0x00000016   Code   RO           22    i.lcd_draw_point    lcd.o
    0x08005c3e   0x08005c3e   0x0000022e   Code   RO           24    i.lcd_ex_ili9341_reginit  lcd.o
    0x08005e6c   0x08005e6c   0x00000342   Code   RO           25    i.lcd_ex_ili9806_reginit  lcd.o
    0x080061ae   0x080061ae   0x00000ef4   Code   RO           26    i.lcd_ex_nt35310_reginit  lcd.o
    0x080070a2   0x080070a2   0x00000f6a   Code   RO           27    i.lcd_ex_nt35510_reginit  lcd.o
    0x0800800c   0x0800800c   0x00000170   Code   RO           28    i.lcd_ex_ssd1963_reginit  lcd.o
    0x0800817c   0x0800817c   0x000001aa   Code   RO           29    i.lcd_ex_st7789_reginit  lcd.o
    0x08008326   0x08008326   0x000001c8   Code   RO           30    i.lcd_ex_st7796_reginit  lcd.o
    0x080084ee   0x080084ee   0x00000002   PAD
    0x080084f0   0x080084f0   0x00000048   Code   RO           31    i.lcd_fill          lcd.o
    0x08008538   0x08008538   0x00000388   Code   RO           33    i.lcd_init          lcd.o
    0x080088c0   0x080088c0   0x0000001a   Code   RO           35    i.lcd_rd_data       lcd.o
    0x080088da   0x080088da   0x00000002   PAD
    0x080088dc   0x080088dc   0x00000184   Code   RO           37    i.lcd_scan_dir      lcd.o
    0x08008a60   0x08008a60   0x000000f4   Code   RO           38    i.lcd_set_cursor    lcd.o
    0x08008b54   0x08008b54   0x000000dc   Code   RO           40    i.lcd_show_char     lcd.o
    0x08008c30   0x08008c30   0x00000056   Code   RO           42    i.lcd_show_string   lcd.o
    0x08008c86   0x08008c86   0x00000002   PAD
    0x08008c88   0x08008c88   0x00000050   Code   RO           44    i.lcd_ssd_backlight_set  lcd.o
    0x08008cd8   0x08008cd8   0x00000018   Code   RO           45    i.lcd_wr_data       lcd.o
    0x08008cf0   0x08008cf0   0x00000018   Code   RO           46    i.lcd_wr_regno      lcd.o
    0x08008d08   0x08008d08   0x00000014   Code   RO           47    i.lcd_write_ram_prepare  lcd.o
    0x08008d1c   0x08008d1c   0x0000000c   Code   RO           48    i.lcd_write_reg     lcd.o
    0x08008d28   0x08008d28   0x00000054   Code   RO          745    i.main              main.o
    0x08008d7c   0x08008d7c   0x0000000c   Code   RO         6146    i.makeFreeRtosPriority  cmsis_os.o
    0x08008d88   0x08008d88   0x0000000e   Code   RO         6148    i.osDelay           cmsis_os.o
    0x08008d96   0x08008d96   0x00000012   Code   RO         6150    i.osKernelRunning   cmsis_os.o
    0x08008da8   0x08008da8   0x0000000a   Code   RO         6151    i.osKernelStart     cmsis_os.o
    0x08008db2   0x08008db2   0x00000018   Code   RO         6152    i.osKernelSysTick   cmsis_os.o
    0x08008dca   0x08008dca   0x00000026   Code   RO         6160    i.osMessageCreate   cmsis_os.o
    0x08008df0   0x08008df0   0x00000094   Code   RO         6162    i.osMessageGet      cmsis_os.o
    0x08008e84   0x08008e84   0x0000005c   Code   RO         6164    i.osMessagePut      cmsis_os.o
    0x08008ee0   0x08008ee0   0x00000010   Code   RO         6166    i.osMutexCreate     cmsis_os.o
    0x08008ef0   0x08008ef0   0x00000050   Code   RO         6168    i.osMutexRelease    cmsis_os.o
    0x08008f40   0x08008f40   0x00000064   Code   RO         6169    i.osMutexWait       cmsis_os.o
    0x08008fa4   0x08008fa4   0x00000054   Code   RO         6185    i.osThreadCreate    cmsis_os.o
    0x08008ff8   0x08008ff8   0x00000070   Code   RO         5828    i.prvAddCurrentTaskToDelayedList  tasks.o
    0x08009068   0x08009068   0x000000d0   Code   RO         5829    i.prvAddNewTaskToReadyList  tasks.o
    0x08009138   0x08009138   0x00000026   Code   RO         5504    i.prvCopyDataFromQueue  queue.o
    0x0800915e   0x0800915e   0x0000006c   Code   RO         5505    i.prvCopyDataToQueue  queue.o
    0x080091ca   0x080091ca   0x00000034   Code   RO         5830    i.prvDeleteTCB      tasks.o
    0x080091fe   0x080091fe   0x00000002   PAD
    0x08009200   0x08009200   0x0000004c   Code   RO         6513    i.prvHeapInit       heap_4.o
    0x0800924c   0x0800924c   0x00000060   Code   RO         5831    i.prvIdleTask       tasks.o
    0x080092ac   0x080092ac   0x00000016   Code   RO         5506    i.prvInitialiseMutex  queue.o
    0x080092c2   0x080092c2   0x00000016   Code   RO         5507    i.prvInitialiseNewQueue  queue.o
    0x080092d8   0x080092d8   0x00000098   Code   RO         5832    i.prvInitialiseNewTask  tasks.o
    0x08009370   0x08009370   0x0000004c   Code   RO         6514    i.prvInsertBlockIntoFreeList  heap_4.o
    0x080093bc   0x080093bc   0x0000001c   Code   RO         5508    i.prvIsQueueEmpty   queue.o
    0x080093d8   0x080093d8   0x00000020   Code   RO         5833    i.prvResetNextTaskUnblockTime  tasks.o
    0x080093f8   0x080093f8   0x00000028   Code   RO         6581    i.prvTaskExitError  port.o
    0x08009420   0x08009420   0x0000006a   Code   RO         5509    i.prvUnlockQueue    queue.o
    0x0800948a   0x0800948a   0x00000002   PAD
    0x0800948c   0x0800948c   0x000000dc   Code   RO         6515    i.pvPortMalloc      heap_4.o
    0x08009568   0x08009568   0x00000018   Code   RO         5835    i.pvTaskIncrementMutexHeldCount  tasks.o
    0x08009580   0x08009580   0x0000002c   Code   RO         6582    i.pxPortInitialiseStack  port.o
    0x080095ac   0x080095ac   0x00000060   Code   RO          566    i.rs485_init        rs485.o
    0x0800960c   0x0800960c   0x00000040   Code   RO          568    i.rs485_send_data   rs485.o
    0x0800964c   0x0800964c   0x0000003e   Code   RO          569    i.rs485_send_frame  rs485.o
    0x0800968a   0x0800968a   0x00000026   Code   RO         5464    i.uxListRemove      list.o
    0x080096b0   0x080096b0   0x00000014   Code   RO          858    i.vApplicationGetIdleTaskMemory  freertos.o
    0x080096c4   0x080096c4   0x00000016   Code   RO         5465    i.vListInitialise   list.o
    0x080096da   0x080096da   0x00000006   Code   RO         5466    i.vListInitialiseItem  list.o
    0x080096e0   0x080096e0   0x00000030   Code   RO         5467    i.vListInsert       list.o
    0x08009710   0x08009710   0x00000018   Code   RO         5468    i.vListInsertEnd    list.o
    0x08009728   0x08009728   0x00000040   Code   RO         6584    i.vPortEnterCritical  port.o
    0x08009768   0x08009768   0x00000028   Code   RO         6585    i.vPortExitCritical  port.o
    0x08009790   0x08009790   0x00000064   Code   RO         6516    i.vPortFree         heap_4.o
    0x080097f4   0x080097f4   0x00000024   Code   RO         6586    i.vPortSetupTimerInterrupt  port.o
    0x08009818   0x08009818   0x00000054   Code   RO         6587    i.vPortValidateInterruptPriority  port.o
    0x0800986c   0x0800986c   0x0000004c   Code   RO         5842    i.vTaskDelay        tasks.o
    0x080098b8   0x080098b8   0x00000010   Code   RO         5845    i.vTaskInternalSetTimeOutState  tasks.o
    0x080098c8   0x080098c8   0x0000000c   Code   RO         5846    i.vTaskMissedYield  tasks.o
    0x080098d4   0x080098d4   0x00000030   Code   RO         5848    i.vTaskPlaceOnEventList  tasks.o
    0x08009904   0x08009904   0x000000a0   Code   RO         5850    i.vTaskPriorityDisinheritAfterTimeout  tasks.o
    0x080099a4   0x080099a4   0x0000006c   Code   RO         5855    i.vTaskStartScheduler  tasks.o
    0x08009a10   0x08009a10   0x00000010   Code   RO         5857    i.vTaskSuspendAll   tasks.o
    0x08009a20   0x08009a20   0x0000005c   Code   RO         5858    i.vTaskSwitchContext  tasks.o
    0x08009a7c   0x08009a7c   0x000000f4   Code   RO         6588    i.xPortStartScheduler  port.o
    0x08009b70   0x08009b70   0x0000002c   Code   RO         6589    i.xPortSysTickHandler  port.o
    0x08009b9c   0x08009b9c   0x00000016   Code   RO         5516    i.xQueueCreateMutex  queue.o
    0x08009bb2   0x08009bb2   0x0000001a   Code   RO         5517    i.xQueueCreateMutexStatic  queue.o
    0x08009bcc   0x08009bcc   0x00000042   Code   RO         5518    i.xQueueGenericCreate  queue.o
    0x08009c0e   0x08009c0e   0x00000066   Code   RO         5519    i.xQueueGenericCreateStatic  queue.o
    0x08009c74   0x08009c74   0x00000088   Code   RO         5520    i.xQueueGenericReset  queue.o
    0x08009cfc   0x08009cfc   0x00000160   Code   RO         5521    i.xQueueGenericSend  queue.o
    0x08009e5c   0x08009e5c   0x000000be   Code   RO         5522    i.xQueueGenericSendFromISR  queue.o
    0x08009f1a   0x08009f1a   0x0000009c   Code   RO         5523    i.xQueueGiveFromISR  queue.o
    0x08009fb6   0x08009fb6   0x00000002   PAD
    0x08009fb8   0x08009fb8   0x00000138   Code   RO         5528    i.xQueueReceive     queue.o
    0x0800a0f0   0x0800a0f0   0x0000009a   Code   RO         5529    i.xQueueReceiveFromISR  queue.o
    0x0800a18a   0x0800a18a   0x00000002   PAD
    0x0800a18c   0x0800a18c   0x00000178   Code   RO         5530    i.xQueueSemaphoreTake  queue.o
    0x0800a304   0x0800a304   0x00000074   Code   RO         5860    i.xTaskCheckForTimeOut  tasks.o
    0x0800a378   0x0800a378   0x0000005a   Code   RO         5861    i.xTaskCreate       tasks.o
    0x0800a3d2   0x0800a3d2   0x00000056   Code   RO         5862    i.xTaskCreateStatic  tasks.o
    0x0800a428   0x0800a428   0x0000001c   Code   RO         5866    i.xTaskGetSchedulerState  tasks.o
    0x0800a444   0x0800a444   0x0000000c   Code   RO         5867    i.xTaskGetTickCount  tasks.o
    0x0800a450   0x0800a450   0x00000010   Code   RO         5868    i.xTaskGetTickCountFromISR  tasks.o
    0x0800a460   0x0800a460   0x000000cc   Code   RO         5869    i.xTaskIncrementTick  tasks.o
    0x0800a52c   0x0800a52c   0x00000098   Code   RO         5872    i.xTaskPriorityDisinherit  tasks.o
    0x0800a5c4   0x0800a5c4   0x0000008c   Code   RO         5873    i.xTaskPriorityInherit  tasks.o
    0x0800a650   0x0800a650   0x00000074   Code   RO         5874    i.xTaskRemoveFromEventList  tasks.o
    0x0800a6c4   0x0800a6c4   0x000000c4   Code   RO         5875    i.xTaskResumeAll    tasks.o
    0x0800a788   0x0800a788   0x00002f80   Data   RO           50    .constdata          lcd.o
    0x0800d708   0x0800d708   0x00000018   Data   RO          476    .constdata          alarm.o
    0x0800d720   0x0800d720   0x000000a0   Data   RO          860    .constdata          freertos.o
    0x0800d7c0   0x0800d7c0   0x00000014   Data   RO         1396    .constdata          sd_diskio.o
    0x0800d7d4   0x0800d7d4   0x00000010   Data   RO         1397    .constdata          sd_diskio.o
    0x0800d7e4   0x0800d7e4   0x00000008   Data   RO         1980    .constdata          stm32f4xx_hal_dma.o
    0x0800d7ec   0x0800d7ec   0x00000010   Data   RO         4838    .constdata          system_stm32f4xx.o
    0x0800d7fc   0x0800d7fc   0x00000008   Data   RO         4839    .constdata          system_stm32f4xx.o
    0x0800d804   0x0800d804   0x00000081   Data   RO          477    .conststring        alarm.o
    0x0800d885   0x0800d885   0x00000003   PAD
    0x0800d888   0x0800d888   0x00000031   Data   RO          861    .conststring        freertos.o
    0x0800d8b9   0x0800d8b9   0x00000003   PAD
    0x0800d8bc   0x0800d8bc   0x00000020   Data   RO         7141    Region$$Table       anon$$obj.o


    Execution Region RW_IRAM1 (Exec base: 0x20000000, Load base: 0x0800d8dc, Size: 0x000047f0, Max: 0x0001c000, ABSOLUTE)

    Exec Addr    Load Addr    Size         Type   Attr      Idx    E Section Name        Object

    0x20000000   0x0800d8dc   0x00000004   Data   RW           52    .data               lcd.o
    0x20000004   0x0800d8e0   0x00000018   Data   RW          677    .data               keytpad_input.o
    0x2000001c   0x0800d8f8   0x00000004   Data   RW          746    .data               main.o
    0x20000020   0x0800d8fc   0x00000038   Data   RW          862    .data               freertos.o
    0x20000058   0x0800d934   0x00000001   Data   RW          863    .data               freertos.o
    0x20000059   0x0800d935   0x00000003   PAD
    0x2000005c   0x0800d938   0x00000008   Data   RW         1398    .data               sd_diskio.o
    0x20000064   0x0800d940   0x00000005   Data   RW         1472    .data               fatfs.o
    0x20000069   0x0800d945   0x00000003   PAD
    0x2000006c   0x0800d948   0x0000000c   Data   RW         2425    .data               stm32f4xx_hal.o
    0x20000078   0x0800d954   0x00000004   Data   RW         4840    .data               system_stm32f4xx.o
    0x2000007c   0x0800d958   0x0000003c   Data   RW         5878    .data               tasks.o
    0x200000b8   0x0800d994   0x00000020   Data   RW         6522    .data               heap_4.o
    0x200000d8   0x0800d9b4   0x0000000c   Data   RW         6590    .data               port.o
    0x200000e4   0x0800d9c0   0x00000004   Data   RW         6709    .data               delay.o
    0x200000e8   0x0800d9c4   0x00000004   Data   RW         7119    .data               mc_w.l(stdout.o)
    0x200000ec        -       0x0000005e   Zero   RW           49    .bss                lcd.o
    0x2000014a   0x0800d9c8   0x00000002   PAD
    0x2000014c        -       0x00000014   Zero   RW          475    .bss                alarm.o
    0x20000160        -       0x00000040   Zero   RW          570    .bss                rs485.o
    0x200001a0        -       0x0000000c   Zero   RW          676    .bss                keytpad_input.o
    0x200001ac        -       0x00000290   Zero   RW          859    .bss                freertos.o
    0x2000043c        -       0x00000050   Zero   RW          957    .bss                fsmc.o
    0x2000048c        -       0x00000084   Zero   RW          995    .bss                sdio.o
    0x20000510        -       0x00000090   Zero   RW         1039    .bss                tim.o
    0x200005a0        -       0x00000150   Zero   RW         1095    .bss                usart.o
    0x200006f0        -       0x0000000c   Zero   RW         5275    .bss                ff_gen_drv.o
    0x200006fc        -       0x000000f0   Zero   RW         5877    .bss                tasks.o
    0x200007ec        -       0x00003c00   Zero   RW         6521    .bss                heap_4.o
    0x200043ec   0x0800d9c8   0x00000004   PAD
    0x200043f0        -       0x00000400   Zero   RW            1    STACK               startup_stm32f407xx.o


    Execution Region RW_IRAM2 (Exec base: 0x2001c000, Load base: 0x0800d9c8, Size: 0x00000000, Max: 0x00004000, ABSOLUTE)

    **** No section assigned to this execution region ****


==============================================================================

Image component sizes


      Code (inc. data)   RO Data    RW Data    ZI Data      Debug   Object Name

       564        122        153          0         20       6334   alarm.o
       162         22          0          0          0       4340   bsp_driver_sd.o
       648         20          0          0          0      34904   cmsis_os.o
        72         10          0          4          0       2343   delay.o
       618         38          0          0          0       4286   dht11.o
        60          4          0          0          0        730   dma.o
         0          0          0          0          0      18392   event_groups.o
        28         10          0          5          0        970   fatfs.o
        70          6          0          0         12       1555   ff_gen_drv.o
        40          8          0          0          0       2359   flash.o
      1956        354        209         57        656       6458   freertos.o
       112         10          0          0         80        756   fsmc.o
       244         16          0          0          0       1043   gpio.o
       472         24          0         32      15360       7243   heap_4.o
      1168        230          0         24         12       6716   keytpad_input.o
     12938        126      12160          4         94     753473   lcd.o
       138          0          0          0          0       3402   list.o
       264         22          0          4          0       4989   main.o
       786         82          0         12          0      11545   port.o
      2216         18          0          0          0      22665   queue.o
       222         24          0          0         64      34889   rs485.o
       460         36         36          8          0       8234   sd_diskio.o
       180         28          0          0        132       1565   sdio.o
        36          8        392          0       1024        808   startup_stm32f407xx.o
       144         24          0         12          0       8585   stm32f4xx_hal.o
       198         14          0          0          0      33679   stm32f4xx_hal_cortex.o
      1088         16          8          0          0       7673   stm32f4xx_hal_dma.o
       516         46          0          0          0       2751   stm32f4xx_hal_gpio.o
        56          4          0          0          0        814   stm32f4xx_hal_msp.o
      1344         72          0          0          0       5104   stm32f4xx_hal_rcc.o
      2346         62          0          0          0      13403   stm32f4xx_hal_sd.o
        92          0          0          0          0       1176   stm32f4xx_hal_sram.o
      2006        138          0          0          0      17567   stm32f4xx_hal_tim.o
       148         28          0          0          0       2385   stm32f4xx_hal_tim_ex.o
      2026         28          0          0          0      13236   stm32f4xx_hal_uart.o
        84         24          0          0          0       4929   stm32f4xx_it.o
       224         14          0          0          0       3875   stm32f4xx_ll_fsmc.o
      1658         48          0          0          0      22194   stm32f4xx_ll_sdmmc.o
         0          0          0          0          0        416   stream_buffer.o
        16          4         24          4          0       1051   system_stm32f4xx.o
      2360        184          0         60        240      28162   tasks.o
       368         32          0          0        144       2863   tim.o
       454         42          0          0        336       4003   usart.o

    ----------------------------------------------------------------------
     38628       1998      13020        232      18180    1113865   Object Totals
         0          0         32          0          0          0   (incl. Generated)
        46          0          6          6          6          0   (incl. Padding)

    ----------------------------------------------------------------------

      Code (inc. data)   RO Data    RW Data    ZI Data      Debug   Library Member Name

         0          0          0          0          0          0   entry.o
         0          0          0          0          0          0   entry10a.o
         0          0          0          0          0          0   entry11a.o
         4          0          0          0          0          0   entry12b.o
         8          4          0          0          0          0   entry2.o
         4          0          0          0          0          0   entry5.o
         0          0          0          0          0          0   entry7b.o
         0          0          0          0          0          0   entry8b.o
         8          4          0          0          0          0   entry9a.o
        30          0          0          0          0          0   handlers.o
        36          8          0          0          0         68   init.o
         0          0          0          0          0          0   iusefp.o
        30          0          0          0          0         68   llshl.o
        36          0          0          0          0         68   llsshr.o
        32          0          0          0          0         68   llushr.o
        36          0          0          0          0         68   memcpya.o
        36          0          0          0          0        108   memseta.o
      2268         96          0          0          0        616   printfa.o
         0          0          0          4          0          0   stdout.o
        14          0          0          0          0         68   strlen.o
        44          0          0          0          0         80   uidiv.o
        98          0          0          0          0         92   uldiv.o
        48          0          0          0          0         68   cdrcmple.o
       334          0          0          0          0        148   dadd.o
       222          0          0          0          0        100   ddiv.o
       186          0          0          0          0        176   depilogue.o
        50          0          0          0          0         76   dfixui.o
        48          0          0          0          0         68   dfixul.o
        26          0          0          0          0         76   dfltui.o
       228          0          0          0          0         96   dmul.o
        38          0          0          0          0         68   f2d.o

    ----------------------------------------------------------------------
      3868        112          0          4          0       2180   Library Totals
         4          0          0          0          0          0   (incl. Padding)

    ----------------------------------------------------------------------

      Code (inc. data)   RO Data    RW Data    ZI Data      Debug   Library Name

      2684        112          0          4          0       1304   mc_w.l
      1180          0          0          0          0        876   mf_w.l

    ----------------------------------------------------------------------
      3868        112          0          4          0       2180   Library Totals

    ----------------------------------------------------------------------

==============================================================================


      Code (inc. data)   RO Data    RW Data    ZI Data      Debug   

     42496       2110      13020        236      18180    1086105   Grand Totals
     42496       2110      13020        236      18180    1086105   ELF Image Totals
     42496       2110      13020        236          0          0   ROM Totals

==============================================================================

    Total RO  Size (Code + RO Data)                55516 (  54.21kB)
    Total RW  Size (RW Data + ZI Data)             18416 (  17.98kB)
    Total ROM Size (Code + RO Data + RW Data)      55752 (  54.45kB)

==============================================================================

