<html>
<body>
<pre>
<h1>µVision Build Log</h1>
<h2>Tool Versions:</h2>
IDE-Version: ¶ÃVision V5.36.0.0
Copyright (C) 2021 ARM Ltd and ARM Germany GmbH. All rights reserved.
License Information: Z P2004MP, HP Inc., LIC=YA39H-WSMME-FWZ2N-YBJBS-ANN0B-Y2AEL
 
Tool Versions:
Toolchain:       MDK-ARM Plus  Version: 5.36.0.0
Toolchain Path:  E:\Embeded_Tool\MDK\Core\ARM\ARMCC\Bin
C Compiler:      Armcc.exe V5.06 update 7 (build 960)
Assembler:       Armasm.exe V5.06 update 7 (build 960)
Linker/Locator:  ArmLink.exe V5.06 update 7 (build 960)
Library Manager: ArmAr.exe V5.06 update 7 (build 960)
Hex Converter:   FromElf.exe V5.06 update 7 (build 960)
CPU DLL:         SARMCM3.DLL V5.36.0.0
Dialog DLL:      DCM.DLL V1.17.3.0
Target DLL:      STLink\ST-LINKIII-KEIL_SWO.dll V3.0.9.0
Dialog DLL:      TCM.DLL V1.53.0.0
 
<h2>Project:</h2>
E:\Project\MDK-ARM\Project.uvprojx
Project File Date:  08/28/2026

<h2>Output:</h2>
*** Using Compiler 'V5.06 update 7 (build 960)', folder: 'E:\Embeded_Tool\MDK\Core\ARM\ARMCC\Bin'
Build target 'Project'
assembling startup_stm32f407xx.s...
compiling stm32f4xx_hal_msp.c...
compiling bsp_driver_sd.c...
compiling freertos.c...
compiling gpio.c...
compiling usart.c...
compiling sdio.c...
compiling stm32f4xx_hal_flash.c...
compiling stm32f4xx_hal_rcc_ex.c...
compiling stm32f4xx_hal_flash_ex.c...
compiling sd_diskio.c...
compiling stm32f4xx_it.c...
compiling stm32f4xx_hal_rcc.c...
compiling fatfs.c...
compiling tim.c...
compiling main.c...
compiling stm32f4xx_hal_gpio.c...
compiling stm32f4xx_hal_flash_ramfunc.c...
compiling stm32f4xx_hal_dma_ex.c...
compiling stm32f4xx_hal_pwr.c...
compiling stm32f4xx_hal_pwr_ex.c...
compiling stm32f4xx_hal_mmc.c...
compiling stm32f4xx_hal_dma.c...
compiling stm32f4xx_ll_sdmmc.c...
compiling croutine.c...
compiling stm32f4xx_hal_sd.c...
compiling stm32f4xx_hal_uart.c...
compiling event_groups.c...
compiling list.c...
compiling stream_buffer.c...
compiling queue.c...
compiling stm32f4xx_hal.c...
compiling system_stm32f4xx.c...
compiling timers.c...
compiling stm32f4xx_hal_tim.c...
compiling stm32f4xx_hal_exti.c...
compiling tasks.c...
compiling heap_4.c...
compiling cmsis_os.c...
compiling port.c...
compiling stm32f4xx_hal_tim_ex.c...
compiling sys.c...
compiling dht11.c...
compiling delay.c...
..\SYSTEM\Src\delay.c(20): warning:  #550-D: variable "g_fac_us"  was set but never used
  static uint32_t g_fac_us = 0;       /* us—” ±±∂≥À ˝ */
..\SYSTEM\Src\delay.c: 1 warning, 0 errors
compiling ff_gen_drv.c...
compiling syscall.c...
compiling diskio.c...
compiling ff.c...
linking...
Program Size: Code=6160 RO-data=448 RW-data=80 ZI-data=1480  
FromELF: creating hex file...
"Project\Project.axf" - 0 Error(s), 1 Warning(s).

<h2>Software Packages used:</h2>

Package Vendor: ARM
                http://www.keil.com/pack/ARM.CMSIS.5.8.0.pack
                ARM.CMSIS.5.8.0
                CMSIS (Common Microcontroller Software Interface Standard)
   * Component: CORE Version: 5.5.0

Package Vendor: Keil
                http://www.keil.com/pack/Keil.STM32F4xx_DFP.2.15.0.pack
                Keil.STM32F4xx_DFP.2.15.0
                STMicroelectronics STM32F4 Series Device Support, Drivers and Examples

<h2>Collection of Component include folders:</h2>
  .\RTE\_Project
  E:\Embeded_Tool\MDK\Packs\ARM\CMSIS\5.8.0\CMSIS\Core\Include
  E:\Embeded_Tool\MDK\Packs\Keil\STM32F4xx_DFP\2.15.0\Drivers\CMSIS\Device\ST\STM32F4xx\Include

<h2>Collection of Component Files used:</h2>

   * Component: ARM::CMSIS:CORE:5.5.0
      Include file:  CMSIS\Core\Include\tz_context.h
Build Time Elapsed:  00:00:41
</pre>
</body>
</html>
